Component: ARM Compiler 5.06 update 5 (build 528) Tool: armlink [4d35e2]

==============================================================================

Section Cross References

    startup_stm32f411xe.o(STACK) refers (Special) to heapauxi.o(.text) for __use_two_region_memory
    startup_stm32f411xe.o(HEAP) refers (Special) to heapauxi.o(.text) for __use_two_region_memory
    startup_stm32f411xe.o(RESET) refers (Special) to heapauxi.o(.text) for __use_two_region_memory
    startup_stm32f411xe.o(RESET) refers to startup_stm32f411xe.o(STACK) for __initial_sp
    startup_stm32f411xe.o(RESET) refers to startup_stm32f411xe.o(.text) for Reset_Handler
    startup_stm32f411xe.o(RESET) refers to stm32f4xx_it.o(i.NMI_Handler) for NMI_Handler
    startup_stm32f411xe.o(RESET) refers to stm32f4xx_it.o(i.HardFault_Handler) for HardFault_Handler
    startup_stm32f411xe.o(RESET) refers to stm32f4xx_it.o(i.MemManage_Handler) for MemManage_Handler
    startup_stm32f411xe.o(RESET) refers to stm32f4xx_it.o(i.BusFault_Handler) for BusFault_Handler
    startup_stm32f411xe.o(RESET) refers to stm32f4xx_it.o(i.UsageFault_Handler) for UsageFault_Handler
    startup_stm32f411xe.o(RESET) refers to stm32f4xx_it.o(i.SVC_Handler) for SVC_Handler
    startup_stm32f411xe.o(RESET) refers to stm32f4xx_it.o(i.DebugMon_Handler) for DebugMon_Handler
    startup_stm32f411xe.o(RESET) refers to stm32f4xx_it.o(i.PendSV_Handler) for PendSV_Handler
    startup_stm32f411xe.o(RESET) refers to stm32f4xx_it.o(i.SysTick_Handler) for SysTick_Handler
    startup_stm32f411xe.o(RESET) refers to stm32f4xx_it.o(i.EXTI3_IRQHandler) for EXTI3_IRQHandler
    startup_stm32f411xe.o(RESET) refers to stm32f4xx_it.o(i.DMA1_Stream3_IRQHandler) for DMA1_Stream3_IRQHandler
    startup_stm32f411xe.o(RESET) refers to stm32f4xx_it.o(i.DMA1_Stream4_IRQHandler) for DMA1_Stream4_IRQHandler
    startup_stm32f411xe.o(RESET) refers to stm32f4xx_it.o(i.TIM1_BRK_TIM9_IRQHandler) for TIM1_BRK_TIM9_IRQHandler
    startup_stm32f411xe.o(RESET) refers to stm32f4xx_it.o(i.SPI1_IRQHandler) for SPI1_IRQHandler
    startup_stm32f411xe.o(RESET) refers to stm32f4xx_it.o(i.SPI2_IRQHandler) for SPI2_IRQHandler
    startup_stm32f411xe.o(RESET) refers to stm32f4xx_it.o(i.USART1_IRQHandler) for USART1_IRQHandler
    startup_stm32f411xe.o(RESET) refers to stm32f4xx_it.o(i.DMA2_Stream0_IRQHandler) for DMA2_Stream0_IRQHandler
    startup_stm32f411xe.o(RESET) refers to stm32f4xx_it.o(i.DMA2_Stream2_IRQHandler) for DMA2_Stream2_IRQHandler
    startup_stm32f411xe.o(RESET) refers to stm32f4xx_it.o(i.DMA2_Stream3_IRQHandler) for DMA2_Stream3_IRQHandler
    startup_stm32f411xe.o(RESET) refers to stm32f4xx_it.o(i.DMA2_Stream4_IRQHandler) for DMA2_Stream4_IRQHandler
    startup_stm32f411xe.o(RESET) refers to stm32f4xx_it.o(i.DMA2_Stream7_IRQHandler) for DMA2_Stream7_IRQHandler
    startup_stm32f411xe.o(.text) refers (Special) to heapauxi.o(.text) for __use_two_region_memory
    startup_stm32f411xe.o(.text) refers to system_stm32f4xx.o(i.SystemInit) for SystemInit
    startup_stm32f411xe.o(.text) refers to __main.o(!!!main) for __main
    startup_stm32f411xe.o(.text) refers to startup_stm32f411xe.o(HEAP) for Heap_Mem
    startup_stm32f411xe.o(.text) refers to startup_stm32f411xe.o(STACK) for Stack_Mem
    modbus.o(i.CrcCompute) refers to modbus.o(.constdata) for auchCRCHi
    modbus.o(i.HAL_UART_ErrorCallback) refers to stm32f4xx_hal_uart.o(i.HAL_UART_DMAStop) for HAL_UART_DMAStop
    modbus.o(i.HAL_UART_ErrorCallback) refers to stm32f4xx_hal_uart.o(i.HAL_UART_Receive_DMA) for HAL_UART_Receive_DMA
    modbus.o(i.HAL_UART_ErrorCallback) refers to usart.o(.bss) for huart1
    modbus.o(i.HAL_UART_ErrorCallback) refers to modbus.o(.data) for gusModbusRecvLen
    modbus.o(i.HAL_UART_ErrorCallback) refers to modbus.o(.bss) for gucModbusRxBuf
    modbus.o(i.HAL_UART_RxCpltCallback) refers to stm32f4xx_hal_uart.o(i.HAL_UART_DMAStop) for HAL_UART_DMAStop
    modbus.o(i.HAL_UART_RxCpltCallback) refers to stm32f4xx_hal_uart.o(i.HAL_UART_Receive_DMA) for HAL_UART_Receive_DMA
    modbus.o(i.HAL_UART_RxCpltCallback) refers to usart.o(.bss) for huart1
    modbus.o(i.HAL_UART_RxCpltCallback) refers to modbus.o(.data) for gusModbusRecvLen
    modbus.o(i.HAL_UART_RxCpltCallback) refers to modbus.o(.bss) for gucModbusRxBuf
    modbus.o(i.HAL_UART_TxCpltCallback) refers to stm32f4xx_hal_uart.o(i.HAL_UART_Receive_DMA) for HAL_UART_Receive_DMA
    modbus.o(i.HAL_UART_TxCpltCallback) refers to modbus.o(.bss) for gucModbusRxBuf
    modbus.o(i.HAL_UART_TxCpltCallback) refers to usart.o(.bss) for huart1
    modbus.o(i.Modbus_01_Solve) refers to modbus.o(i.CrcCompute) for CrcCompute
    modbus.o(i.Modbus_01_Solve) refers to modbus.o(i.modbusSendBuf) for modbusSendBuf
    modbus.o(i.Modbus_01_Solve) refers to modbus.o(.bss) for gucModbusRxBuf
    modbus.o(i.Modbus_01_Solve) refers to modbus.o(.data) for RegNum
    modbus.o(i.Modbus_02_Solve) refers to modbus.o(i.CrcCompute) for CrcCompute
[...]
    __rt_lib_init_lc_collate_1               0x08000253   Thumb Code     0  libinit2.o(.ARM.Collect$$libinit$$00000011)
    __rt_lib_init_lc_ctype_1                 0x08000253   Thumb Code     0  libinit2.o(.ARM.Collect$$libinit$$00000013)
    __rt_lib_init_lc_monetary_1              0x08000253   Thumb Code     0  libinit2.o(.ARM.Collect$$libinit$$00000015)
    __rt_lib_init_lc_numeric_1               0x08000253   Thumb Code     0  libinit2.o(.ARM.Collect$$libinit$$00000017)
    __rt_lib_init_lc_time_1                  0x08000253   Thumb Code     0  libinit2.o(.ARM.Collect$$libinit$$00000019)
    __rt_lib_init_preinit_1                  0x08000253   Thumb Code     0  libinit2.o(.ARM.Collect$$libinit$$00000004)
    __rt_lib_init_rand_1                     0x08000253   Thumb Code     0  libinit2.o(.ARM.Collect$$libinit$$0000000E)
    __rt_lib_init_return                     0x08000253   Thumb Code     0  libinit2.o(.ARM.Collect$$libinit$$00000033)
    __rt_lib_init_signal_1                   0x08000253   Thumb Code     0  libinit2.o(.ARM.Collect$$libinit$$0000001D)
    __rt_lib_init_stdio_1                    0x08000253   Thumb Code     0  libinit2.o(.ARM.Collect$$libinit$$00000025)
    __rt_lib_init_user_alloc_1               0x08000253   Thumb Code     0  libinit2.o(.ARM.Collect$$libinit$$0000000C)
    __rt_lib_shutdown                        0x08000255   Thumb Code     0  libshutdown.o(.ARM.Collect$$libshutdown$$00000000)
    __rt_lib_shutdown_cpp_1                  0x08000257   Thumb Code     0  libshutdown2.o(.ARM.Collect$$libshutdown$$00000002)
    __rt_lib_shutdown_fp_trap_1              0x08000257   Thumb Code     0  libshutdown2.o(.ARM.Collect$$libshutdown$$00000007)
    __rt_lib_shutdown_heap_1                 0x08000257   Thumb Code     0  libshutdown2.o(.ARM.Collect$$libshutdown$$0000000F)
    __rt_lib_shutdown_return                 0x08000257   Thumb Code     0  libshutdown2.o(.ARM.Collect$$libshutdown$$00000010)
    __rt_lib_shutdown_signal_1               0x08000257   Thumb Code     0  libshutdown2.o(.ARM.Collect$$libshutdown$$0000000A)
    __rt_lib_shutdown_stdio_1                0x08000257   Thumb Code     0  libshutdown2.o(.ARM.Collect$$libshutdown$$00000004)
    __rt_lib_shutdown_user_alloc_1           0x08000257   Thumb Code     0  libshutdown2.o(.ARM.Collect$$libshutdown$$0000000C)
    __rt_entry                               0x08000259   Thumb Code     0  __rtentry.o(.ARM.Collect$$rtentry$$00000000)
    __rt_entry_presh_1                       0x08000259   Thumb Code     0  __rtentry2.o(.ARM.Collect$$rtentry$$00000002)
    __rt_entry_sh                            0x08000259   Thumb Code     0  __rtentry4.o(.ARM.Collect$$rtentry$$00000004)
    __rt_entry_li                            0x0800025f   Thumb Code     0  __rtentry2.o(.ARM.Collect$$rtentry$$0000000A)
    __rt_entry_postsh_1                      0x0800025f   Thumb Code     0  __rtentry2.o(.ARM.Collect$$rtentry$$00000009)
    __rt_entry_main                          0x08000263   Thumb Code     0  __rtentry2.o(.ARM.Collect$$rtentry$$0000000D)
    __rt_entry_postli_1                      0x08000263   Thumb Code     0  __rtentry2.o(.ARM.Collect$$rtentry$$0000000C)
    __rt_exit                                0x0800026b   Thumb Code     0  rtexit.o(.ARM.Collect$$rtexit$$00000000)
    __rt_exit_ls                             0x0800026d   Thumb Code     0  rtexit2.o(.ARM.Collect$$rtexit$$00000003)
    __rt_exit_prels_1                        0x0800026d   Thumb Code     0  rtexit2.o(.ARM.Collect$$rtexit$$00000002)
    __rt_exit_exit                           0x08000271   Thumb Code     0  rtexit2.o(.ARM.Collect$$rtexit$$00000004)
    Reset_Handler                            0x08000279   Thumb Code     8  startup_stm32f411xe.o(.text)
    ADC_IRQHandler                           0x08000293   Thumb Code     0  startup_stm32f411xe.o(.text)
    DMA1_Stream0_IRQHandler                  0x08000293   Thumb Code     0  startup_stm32f411xe.o(.text)
    DMA1_Stream1_IRQHandler                  0x08000293   Thumb Code     0  startup_stm32f411xe.o(.text)
    DMA1_Stream2_IRQHandler                  0x08000293   Thumb Code     0  startup_stm32f411xe.o(.text)
    DMA1_Stream5_IRQHandler                  0x08000293   Thumb Code     0  startup_stm32f411xe.o(.text)
    DMA1_Stream6_IRQHandler                  0x08000293   Thumb Code     0  startup_stm32f411xe.o(.text)
    DMA1_Stream7_IRQHandler                  0x08000293   Thumb Code     0  startup_stm32f411xe.o(.text)
    DMA2_Stream1_IRQHandler                  0x08000293   Thumb Code     0  startup_stm32f411xe.o(.text)
    DMA2_Stream5_IRQHandler                  0x08000293   Thumb Code     0  startup_stm32f411xe.o(.text)
    DMA2_Stream6_IRQHandler                  0x08000293   Thumb Code     0  startup_stm32f411xe.o(.text)
    EXTI0_IRQHandler                         0x08000293   Thumb Code     0  startup_stm32f411xe.o(.text)
    EXTI15_10_IRQHandler                     0x08000293   Thumb Code     0  startup_stm32f411xe.o(.text)
    EXTI1_IRQHandler                         0x08000293   Thumb Code     0  startup_stm32f411xe.o(.text)
    EXTI2_IRQHandler                         0x08000293   Thumb Code     0  startup_stm32f411xe.o(.text)
    EXTI4_IRQHandler                         0x08000293   Thumb Code     0  startup_stm32f411xe.o(.text)
    EXTI9_5_IRQHandler                       0x08000293   Thumb Code     0  startup_stm32f411xe.o(.text)
    FLASH_IRQHandler                         0x08000293   Thumb Code     0  startup_stm32f411xe.o(.text)
    FPU_IRQHandler                           0x08000293   Thumb Code     0  startup_stm32f411xe.o(.text)
    I2C1_ER_IRQHandler                       0x08000293   Thumb Code     0  startup_stm32f411xe.o(.text)
    I2C1_EV_IRQHandler                       0x08000293   Thumb Code     0  startup_stm32f411xe.o(.text)
    I2C2_ER_IRQHandler                       0x08000293   Thumb Code     0  startup_stm32f411xe.o(.text)
    I2C2_EV_IRQHandler                       0x08000293   Thumb Code     0  startup_stm32f411xe.o(.text)
    I2C3_ER_IRQHandler                       0x08000293   Thumb Code     0  startup_stm32f411xe.o(.text)
    I2C3_EV_IRQHandler                       0x08000293   Thumb Code     0  startup_stm32f411xe.o(.text)
    OTG_FS_IRQHandler                        0x08000293   Thumb Code     0  startup_stm32f411xe.o(.text)
    OTG_FS_WKUP_IRQHandler                   0x08000293   Thumb Code     0  startup_stm32f411xe.o(.text)
    PVD_IRQHandler                           0x08000293   Thumb Code     0  startup_stm32f411xe.o(.text)
    RCC_IRQHandler                           0x08000293   Thumb Code     0  startup_stm32f411xe.o(.text)
    RTC_Alarm_IRQHandler                     0x08000293   Thumb Code     0  startup_stm32f411xe.o(.text)
    RTC_WKUP_IRQHandler                      0x08000293   Thumb Code     0  startup_stm32f411xe.o(.text)
    SDIO_IRQHandler                          0x08000293   Thumb Code     0  startup_stm32f411xe.o(.text)
    SPI3_IRQHandler                          0x08000293   Thumb Code     0  startup_stm32f411xe.o(.text)
    SPI4_IRQHandler                          0x08000293   Thumb Code     0  startup_stm32f411xe.o(.text)
    SPI5_IRQHandler                          0x08000293   Thumb Code     0  startup_stm32f411xe.o(.text)
    TAMP_STAMP_IRQHandler                    0x08000293   Thumb Code     0  startup_stm32f411xe.o(.text)
    TIM1_CC_IRQHandler                       0x08000293   Thumb Code     0  startup_stm32f411xe.o(.text)
    TIM1_TRG_COM_TIM11_IRQHandler            0x08000293   Thumb Code     0  startup_stm32f411xe.o(.text)
    TIM1_UP_TIM10_IRQHandler                 0x08000293   Thumb Code     0  startup_stm32f411xe.o(.text)
    TIM2_IRQHandler                          0x08000293   Thumb Code     0  startup_stm32f411xe.o(.text)
    TIM3_IRQHandler                          0x08000293   Thumb Code     0  startup_stm32f411xe.o(.text)
    TIM4_IRQHandler                          0x08000293   Thumb Code     0  startup_stm32f411xe.o(.text)
    TIM5_IRQHandler                          0x08000293   Thumb Code     0  startup_stm32f411xe.o(.text)
    USART2_IRQHandler                        0x08000293   Thumb Code     0  startup_stm32f411xe.o(.text)
    USART6_IRQHandler                        0x08000293   Thumb Code     0  startup_stm32f411xe.o(.text)
    WWDG_IRQHandler                          0x08000293   Thumb Code     0  startup_stm32f411xe.o(.text)
    __user_initial_stackheap                 0x08000295   Thumb Code     0  startup_stm32f411xe.o(.text)
    __aeabi_uldivmod                         0x080002b9   Thumb Code     0  lludivv7m.o(.text)
    _ll_udiv                                 0x080002b9   Thumb Code   238  lludivv7m.o(.text)
    __aeabi_ldivmod                          0x080003a7   Thumb Code     0  llsdiv.o(.text)
    _ll_sdiv                                 0x080003a7   Thumb Code    72  llsdiv.o(.text)
    __aeabi_memclr4                          0x080003ef   Thumb Code     0  rt_memclr_w.o(.text)
    __aeabi_memclr8                          0x080003ef   Thumb Code     0  rt_memclr_w.o(.text)
    __rt_memclr_w                            0x080003ef   Thumb Code    78  rt_memclr_w.o(.text)
    _memset_w                                0x080003f3   Thumb Code     0  rt_memclr_w.o(.text)
    __use_two_region_memory                  0x0800043d   Thumb Code     2  heapauxi.o(.text)
    __rt_heap_escrow$2region                 0x0800043f   Thumb Code     2  heapauxi.o(.text)
    __rt_heap_expand$2region                 0x08000441   Thumb Code     2  heapauxi.o(.text)
    __read_errno                             0x08000443   Thumb Code    10  _rserrno.o(.text)
    __set_errno                              0x0800044d   Thumb Code    12  _rserrno.o(.text)
    __aeabi_errno_addr                       0x08000459   Thumb Code     8  rt_errno_addr_intlibspace.o(.text)
    __errno$intlibspace                      0x08000459   Thumb Code     0  rt_errno_addr_intlibspace.o(.text)
    __rt_errno_addr$intlibspace              0x08000459   Thumb Code     0  rt_errno_addr_intlibspace.o(.text)
    __user_libspace                          0x08000461   Thumb Code     8  libspace.o(.text)
    __user_perproc_libspace                  0x08000461   Thumb Code     0  libspace.o(.text)
    __user_perthread_libspace                0x08000461   Thumb Code     0  libspace.o(.text)
    __user_setup_stackheap                   0x08000469   Thumb Code    74  sys_stackheap_outer.o(.text)
    exit                                     0x080004b3   Thumb Code    18  exit.o(.text)
    _sys_exit                                0x080004c5   Thumb Code     8  sys_exit.o(.text)
    __I$use$semihosting                      0x080004d1   Thumb Code     0  use_no_semi.o(.text)
    __use_no_semihosting_swi                 0x080004d1   Thumb Code     2  use_no_semi.o(.text)
    __semihosting_library_function           0x080004d3   Thumb Code     0  indicate_semi.o(.text)
    AnglePidCtrl                             0x080006d9   Thumb Code    78  mouse.o(i.AnglePidCtrl)
    BusFault_Handler                         0x08000731   Thumb Code     4  stm32f4xx_it.o(i.BusFault_Handler)
    CalcAngleErr                             0x08000735   Thumb Code   170  mouse.o(i.CalcAngleErr)
    ClearPID                                 0x080007f5   Thumb Code   110  motor.o(i.ClearPID)
    ClearPIDAll                              0x0800086d   Thumb Code    22  motor.o(i.ClearPIDAll)
    DMA1_Stream3_IRQHandler                  0x080008bd   Thumb Code    10  stm32f4xx_it.o(i.DMA1_Stream3_IRQHandler)
    DMA1_Stream4_IRQHandler                  0x080008cd   Thumb Code    10  stm32f4xx_it.o(i.DMA1_Stream4_IRQHandler)
    DMA2_Stream0_IRQHandler                  0x080008dd   Thumb Code    10  stm32f4xx_it.o(i.DMA2_Stream0_IRQHandler)
    DMA2_Stream2_IRQHandler                  0x080008ed   Thumb Code    10  stm32f4xx_it.o(i.DMA2_Stream2_IRQHandler)
    DMA2_Stream3_IRQHandler                  0x080008fd   Thumb Code    10  stm32f4xx_it.o(i.DMA2_Stream3_IRQHandler)
    DMA2_Stream4_IRQHandler                  0x0800090d   Thumb Code    10  stm32f4xx_it.o(i.DMA2_Stream4_IRQHandler)
    DMA2_Stream7_IRQHandler                  0x0800091d   Thumb Code    10  stm32f4xx_it.o(i.DMA2_Stream7_IRQHandler)
    DebugMon_Handler                         0x08000a37   Thumb Code     2  stm32f4xx_it.o(i.DebugMon_Handler)
    DebugWait                                0x08000a39   Thumb Code    60  mouse.o(i.DebugWait)
    DelayUs                                  0x08000a85   Thumb Code    10  hardware.o(i.DelayUs)
    EXTI3_IRQHandler                         0x08000a8f   Thumb Code    10  stm32f4xx_it.o(i.EXTI3_IRQHandler)
    EncInit                                  0x08000a99   Thumb Code    36  enc.o(i.EncInit)
    EncUpdate                                0x08000ac5   Thumb Code   298  enc.o(i.EncUpdate)
    Error_Handler                            0x08000c09   Thumb Code     2  main.o(i.Error_Handler)
    FRAMInit                                 0x08000c21   Thumb Code    10  fmem.o(i.FRAMInit)
    FRAMReadBuffer                           0x08000c2d   Thumb Code    64  fmem.o(i.FRAMReadBuffer)
    FRAMWriteBuffer                          0x08000c75   Thumb Code    86  fmem.o(i.FRAMWriteBuffer)
    FRAMWriteSR                              0x08000d15   Thumb Code    42  fmem.o(i.FRAMWriteSR)
    HAL_ADC_ConfigChannel                    0x08000d5d   Thumb Code   400  stm32f4xx_hal_adc.o(i.HAL_ADC_ConfigChannel)
    HAL_ADC_ConvCpltCallback                 0x08000f01   Thumb Code     2  stm32f4xx_hal_adc.o(i.HAL_ADC_ConvCpltCallback)
    HAL_ADC_ConvHalfCpltCallback             0x08000f03   Thumb Code     2  stm32f4xx_hal_adc.o(i.HAL_ADC_ConvHalfCpltCallback)
    HAL_ADC_ErrorCallback                    0x08000f05   Thumb Code     2  stm32f4xx_hal_adc.o(i.HAL_ADC_ErrorCallback)
    HAL_ADC_Init                             0x08000f09   Thumb Code   100  stm32f4xx_hal_adc.o(i.HAL_ADC_Init)
    HAL_ADC_MspInit                          0x08000f71   Thumb Code   224  adc.o(i.HAL_ADC_MspInit)
    HAL_ADC_Start_DMA                        0x08001069   Thumb Code   304  stm32f4xx_hal_adc.o(i.HAL_ADC_Start_DMA)
    HAL_DMA_Abort                            0x080011b5   Thumb Code   170  stm32f4xx_hal_dma.o(i.HAL_DMA_Abort)
    HAL_DMA_Abort_IT                         0x0800125f   Thumb Code    40  stm32f4xx_hal_dma.o(i.HAL_DMA_Abort_IT)
    HAL_DMA_IRQHandler                       0x08001289   Thumb Code   570  stm32f4xx_hal_dma.o(i.HAL_DMA_IRQHandler)
    HAL_DMA_Init                             0x080014c9   Thumb Code   232  stm32f4xx_hal_dma.o(i.HAL_DMA_Init)
    HAL_DMA_Start_IT                         0x080015b5   Thumb Code   146  stm32f4xx_hal_dma.o(i.HAL_DMA_Start_IT)
    HAL_Delay                                0x08001649   Thumb Code    36  stm32f4xx_hal.o(i.HAL_Delay)
    HAL_GPIO_EXTI_Callback                   0x08001671   Thumb Code   106  hardware.o(i.HAL_GPIO_EXTI_Callback)
    HAL_GPIO_EXTI_IRQHandler                 0x080016f1   Thumb Code    24  stm32f4xx_hal_gpio.o(i.HAL_GPIO_EXTI_IRQHandler)
    HAL_GPIO_Init                            0x0800170d   Thumb Code   436  stm32f4xx_hal_gpio.o(i.HAL_GPIO_Init)
    HAL_GPIO_ReadPin                         0x080018e1   Thumb Code    16  stm32f4xx_hal_gpio.o(i.HAL_GPIO_ReadPin)
    HAL_GPIO_TogglePin                       0x080018f1   Thumb Code    18  stm32f4xx_hal_gpio.o(i.HAL_GPIO_TogglePin)
    HAL_GPIO_WritePin                        0x08001903   Thumb Code    12  stm32f4xx_hal_gpio.o(i.HAL_GPIO_WritePin)
    HAL_GetTick                              0x08001911   Thumb Code     6  stm32f4xx_hal.o(i.HAL_GetTick)
    HAL_IncTick                              0x0800191d   Thumb Code    16  stm32f4xx_hal.o(i.HAL_IncTick)
    HAL_Init                                 0x08001935   Thumb Code    54  stm32f4xx_hal.o(i.HAL_Init)
    HAL_InitTick                             0x08001971   Thumb Code    64  stm32f4xx_hal.o(i.HAL_InitTick)
    HAL_MspInit                              0x080019bd   Thumb Code    68  stm32f4xx_hal_msp.o(i.HAL_MspInit)
    HAL_NVIC_EnableIRQ                       0x08001a05   Thumb Code    32  stm32f4xx_hal_cortex.o(i.HAL_NVIC_EnableIRQ)
    HAL_NVIC_SetPriority                     0x08001a25   Thumb Code   124  stm32f4xx_hal_cortex.o(i.HAL_NVIC_SetPriority)
    HAL_NVIC_SetPriorityGrouping             0x08001aa1   Thumb Code    32  stm32f4xx_hal_cortex.o(i.HAL_NVIC_SetPriorityGrouping)
    HAL_RCC_ClockConfig                      0x08001ac9   Thumb Code   368  stm32f4xx_hal_rcc.o(i.HAL_RCC_ClockConfig)
    HAL_RCC_GetHCLKFreq                      0x08001c4d   Thumb Code     6  stm32f4xx_hal_rcc.o(i.HAL_RCC_GetHCLKFreq)
    HAL_RCC_GetPCLK1Freq                     0x08001c59   Thumb Code    22  stm32f4xx_hal_rcc.o(i.HAL_RCC_GetPCLK1Freq)
    HAL_RCC_GetPCLK2Freq                     0x08001c79   Thumb Code    22  stm32f4xx_hal_rcc.o(i.HAL_RCC_GetPCLK2Freq)
    HAL_RCC_GetSysClockFreq                  0x08001c99   Thumb Code   162  stm32f4xx_hal_rcc.o(i.HAL_RCC_GetSysClockFreq)
    HAL_RCC_OscConfig                        0x08001d49   Thumb Code  1152  stm32f4xx_hal_rcc.o(i.HAL_RCC_OscConfig)
    HAL_SPI_DMAStop                          0x080021d1   Thumb Code    72  stm32f4xx_hal_spi.o(i.HAL_SPI_DMAStop)
    HAL_SPI_ErrorCallback                    0x08002219   Thumb Code     2  stm32f4xx_hal_spi.o(i.HAL_SPI_ErrorCallback)
    HAL_SPI_IRQHandler                       0x0800221d   Thumb Code   342  stm32f4xx_hal_spi.o(i.HAL_SPI_IRQHandler)
    HAL_SPI_Init                             0x08002379   Thumb Code   140  stm32f4xx_hal_spi.o(i.HAL_SPI_Init)
    HAL_SPI_MspInit                          0x08002405   Thumb Code   504  spi.o(i.HAL_SPI_MspInit)
    HAL_SPI_Receive                          0x08002629   Thumb Code   356  stm32f4xx_hal_spi.o(i.HAL_SPI_Receive)
    HAL_SPI_RxCpltCallback                   0x0800278d   Thumb Code     2  stm32f4xx_hal_spi.o(i.HAL_SPI_RxCpltCallback)
    HAL_SPI_RxHalfCpltCallback               0x0800278f   Thumb Code     2  stm32f4xx_hal_spi.o(i.HAL_SPI_RxHalfCpltCallback)
    HAL_SPI_Transmit                         0x08002791   Thumb Code   418  stm32f4xx_hal_spi.o(i.HAL_SPI_Transmit)
    HAL_SPI_TransmitReceive                  0x08002933   Thumb Code   554  stm32f4xx_hal_spi.o(i.HAL_SPI_TransmitReceive)
    HAL_SPI_TransmitReceive_DMA              0x08002b5d   Thumb Code   342  stm32f4xx_hal_spi.o(i.HAL_SPI_TransmitReceive_DMA)
    HAL_SPI_TxRxCpltCallback                 0x08002cc9   Thumb Code    18  hardware.o(i.HAL_SPI_TxRxCpltCallback)
    HAL_SPI_TxRxHalfCpltCallback             0x08002ce1   Thumb Code     2  stm32f4xx_hal_spi.o(i.HAL_SPI_TxRxHalfCpltCallback)
    HAL_SYSTICK_Config                       0x08002ce3   Thumb Code    52  stm32f4xx_hal_cortex.o(i.HAL_SYSTICK_Config)
    HAL_TIMEx_BreakCallback                  0x08002d17   Thumb Code     2  stm32f4xx_hal_tim_ex.o(i.HAL_TIMEx_BreakCallback)
    HAL_TIMEx_CommutCallback                 0x08002d19   Thumb Code     2  stm32f4xx_hal_tim_ex.o(i.HAL_TIMEx_CommutCallback)
    HAL_TIMEx_MasterConfigSynchronization    0x08002d1d   Thumb Code   134  stm32f4xx_hal_tim_ex.o(i.HAL_TIMEx_MasterConfigSynchronization)
    HAL_TIM_Base_Init                        0x08002db9   Thumb Code    52  stm32f4xx_hal_tim.o(i.HAL_TIM_Base_Init)
    HAL_TIM_Base_MspInit                     0x08002ded   Thumb Code   106  tim.o(i.HAL_TIM_Base_MspInit)
    HAL_TIM_Base_Start_IT                    0x08002e65   Thumb Code    42  stm32f4xx_hal_tim.o(i.HAL_TIM_Base_Start_IT)
    HAL_TIM_ConfigClockSource                0x08002e8f   Thumb Code   264  stm32f4xx_hal_tim.o(i.HAL_TIM_ConfigClockSource)
    HAL_TIM_Encoder_Init                     0x08002f97   Thumb Code   174  stm32f4xx_hal_tim.o(i.HAL_TIM_Encoder_Init)
    HAL_TIM_Encoder_MspInit                  0x08003045   Thumb Code   282  tim.o(i.HAL_TIM_Encoder_MspInit)
    HAL_TIM_Encoder_Start                    0x08003171   Thumb Code    78  stm32f4xx_hal_tim.o(i.HAL_TIM_Encoder_Start)
    HAL_TIM_IC_CaptureCallback               0x080031bf   Thumb Code     2  stm32f4xx_hal_tim.o(i.HAL_TIM_IC_CaptureCallback)
    HAL_TIM_IRQHandler                       0x080031c1   Thumb Code   406  stm32f4xx_hal_tim.o(i.HAL_TIM_IRQHandler)
    HAL_TIM_MspPostInit                      0x08003359   Thumb Code    86  tim.o(i.HAL_TIM_MspPostInit)
    HAL_TIM_OC_DelayElapsedCallback          0x080033bd   Thumb Code     2  stm32f4xx_hal_tim.o(i.HAL_TIM_OC_DelayElapsedCallback)
    HAL_TIM_PWM_ConfigChannel                0x080033bf   Thumb Code   264  stm32f4xx_hal_tim.o(i.HAL_TIM_PWM_ConfigChannel)
    HAL_TIM_PWM_Init                         0x080034c7   Thumb Code    52  stm32f4xx_hal_tim.o(i.HAL_TIM_PWM_Init)
    HAL_TIM_PWM_MspInit                      0x080034fb   Thumb Code     2  stm32f4xx_hal_tim.o(i.HAL_TIM_PWM_MspInit)
    HAL_TIM_PWM_PulseFinishedCallback        0x080034fd   Thumb Code     2  stm32f4xx_hal_tim.o(i.HAL_TIM_PWM_PulseFinishedCallback)
    HAL_TIM_PWM_Start                        0x08003501   Thumb Code    72  stm32f4xx_hal_tim.o(i.HAL_TIM_PWM_Start)
    HAL_TIM_PeriodElapsedCallback            0x0800354d   Thumb Code    96  hardware.o(i.HAL_TIM_PeriodElapsedCallback)
    HAL_TIM_TriggerCallback                  0x080035bd   Thumb Code     2  stm32f4xx_hal_tim.o(i.HAL_TIM_TriggerCallback)
    HAL_UART_DMAStop                         0x080035bf   Thumb Code   102  stm32f4xx_hal_uart.o(i.HAL_UART_DMAStop)
    HAL_UART_ErrorCallback                   0x08003625   Thumb Code    54  modbus.o(i.HAL_UART_ErrorCallback)
    HAL_UART_IRQHandler                      0x08003671   Thumb Code   336  stm32f4xx_hal_uart.o(i.HAL_UART_IRQHandler)
    HAL_UART_Init                            0x080037c5   Thumb Code   114  stm32f4xx_hal_uart.o(i.HAL_UART_Init)
    HAL_UART_MspInit                         0x08003839   Thumb Code   260  usart.o(i.HAL_UART_MspInit)
    HAL_UART_Receive_DMA                     0x08003955   Thumb Code   182  stm32f4xx_hal_uart.o(i.HAL_UART_Receive_DMA)
    HAL_UART_RxCpltCallback                  0x08003a19   Thumb Code    54  modbus.o(i.HAL_UART_RxCpltCallback)
    HAL_UART_RxHalfCpltCallback              0x08003a65   Thumb Code     2  stm32f4xx_hal_uart.o(i.HAL_UART_RxHalfCpltCallback)
    HAL_UART_Transmit_DMA                    0x08003a69   Thumb Code   142  stm32f4xx_hal_uart.o(i.HAL_UART_Transmit_DMA)
    HAL_UART_TxCpltCallback                  0x08003b05   Thumb Code    18  modbus.o(i.HAL_UART_TxCpltCallback)
    HAL_UART_TxHalfCpltCallback              0x08003b21   Thumb Code     2  stm32f4xx_hal_uart.o(i.HAL_UART_TxHalfCpltCallback)
    HardFault_Handler                        0x08003b23   Thumb Code     4  stm32f4xx_it.o(i.HardFault_Handler)
    MPUCS                                    0x08003b29   Thumb Code    30  mpu6000.o(i.MPUCS)
    MPUInit                                  0x08003b4d   Thumb Code   394  mpu6000.o(i.MPUInit)
    MPUReadBufferDMA                         0x08003cf5   Thumb Code    58  mpu6000.o(i.MPUReadBufferDMA)
    MPUReadReg                               0x08003d3d   Thumb Code    48  mpu6000.o(i.MPUReadReg)
    MPUUpdate                                0x08003d71   Thumb Code    34  mpu6000.o(i.MPUUpdate)
    MPUWriteBit                              0x08003da5   Thumb Code    66  mpu6000.o(i.MPUWriteBit)
    MPUWriteBits                             0x08003de7   Thumb Code    88  mpu6000.o(i.MPUWriteBits)
    MPUWriteReg                              0x08003e41   Thumb Code    36  mpu6000.o(i.MPUWriteReg)
    MPUnCS                                   0x08003e69   Thumb Code    20  mpu6000.o(i.MPUnCS)
    MX_ADC1_Init                             0x08003e81   Thumb Code   192  adc.o(i.MX_ADC1_Init)
    MX_DMA_Init                              0x08003f4d   Thumb Code   178  dma.o(i.MX_DMA_Init)
    MX_GPIO_Init                             0x08004005   Thumb Code   272  gpio.o(i.MX_GPIO_Init)
    MX_SPI1_Init                             0x08004129   Thumb Code    60  spi.o(i.MX_SPI1_Init)
    MX_SPI2_Init                             0x0800416d   Thumb Code    60  spi.o(i.MX_SPI2_Init)
    MX_TIM2_Init                             0x080041b1   Thumb Code   122  tim.o(i.MX_TIM2_Init)
    MX_TIM3_Init                             0x08004231   Thumb Code   120  tim.o(i.MX_TIM3_Init)
    MX_TIM4_Init                             0x080042b1   Thumb Code   202  tim.o(i.MX_TIM4_Init)
    MX_TIM9_Init                             0x08004385   Thumb Code    70  tim.o(i.MX_TIM9_Init)
    MX_USART1_UART_Init                      0x080043d5   Thumb Code    46  usart.o(i.MX_USART1_UART_Init)
    MemManage_Handler                        0x0800440d   Thumb Code     4  stm32f4xx_it.o(i.MemManage_Handler)
    Modbus_RegMap                            0x08004b75   Thumb Code   364  modbus.o(i.Modbus_RegMap)
    NMI_Handler                              0x08004d15   Thumb Code     2  stm32f4xx_it.o(i.NMI_Handler)
    PIDAbsCompute                            0x08004d17   Thumb Code   146  motor.o(i.PIDAbsCompute)
    PIDCtrl                                  0x08004da9   Thumb Code   346  motor.o(i.PIDCtrl)
    PIDIncCompute                            0x08004f0d   Thumb Code   272  motor.o(i.PIDIncCompute)
    PIDInit                                  0x08005035   Thumb Code   306  motor.o(i.PIDInit)
    PendSV_Handler                           0x08005189   Thumb Code     2  stm32f4xx_it.o(i.PendSV_Handler)
    SPI1_IRQHandler                          0x0800518d   Thumb Code    10  stm32f4xx_it.o(i.SPI1_IRQHandler)
    SPI2_IRQHandler                          0x0800519d   Thumb Code    10  stm32f4xx_it.o(i.SPI2_IRQHandler)
    SVC_Handler                              0x08005491   Thumb Code     2  stm32f4xx_it.o(i.SVC_Handler)
    StraightPidCtrl                          0x08005495   Thumb Code   152  motor.o(i.StraightPidCtrl)
    SysTick_Handler                          0x08005541   Thumb Code     8  stm32f4xx_it.o(i.SysTick_Handler)
    SystemClock_Config                       0x08005549   Thumb Code   170  main.o(i.SystemClock_Config)
    SystemInit                               0x080055fd   Thumb Code    82  system_stm32f4xx.o(i.SystemInit)
    TIM1_BRK_TIM9_IRQHandler                 0x08005661   Thumb Code    10  stm32f4xx_it.o(i.TIM1_BRK_TIM9_IRQHandler)
    TIM_Base_SetConfig                       0x08005671   Thumb Code   134  stm32f4xx_hal_tim.o(i.TIM_Base_SetConfig)
    TIM_CCxChannelCmd                        0x08005715   Thumb Code    34  stm32f4xx_hal_tim.o(i.TIM_CCxChannelCmd)
    TIM_ETR_SetConfig                        0x08005737   Thumb Code    22  stm32f4xx_hal_tim.o(i.TIM_ETR_SetConfig)
    TIM_OC2_SetConfig                        0x080057c1   Thumb Code   100  stm32f4xx_hal_tim.o(i.TIM_OC2_SetConfig)
    USART1_IRQHandler                        0x08005f6d   Thumb Code    14  stm32f4xx_it.o(i.USART1_IRQHandler)
    UsageFault_Handler                       0x08005f81   Thumb Code     4  stm32f4xx_it.o(i.UsageFault_Handler)
    Usart_Idle_Callback                      0x08005f85   Thumb Code    80  modbus.o(i.Usart_Idle_Callback)
    __ARM_fpclassifyf                        0x08005fe5   Thumb Code    38  fpclassifyf.o(i.__ARM_fpclassifyf)
    __hardfp_atan2f                          0x08006045   Thumb Code   502  atan2f.o(i.__hardfp_atan2f)
    __hardfp_cosf                            0x08006295   Thumb Code   280  cosf.o(i.__hardfp_cosf)
    __hardfp_powf                            0x080063e5   Thumb Code  1606  powf.o(i.__hardfp_powf)
    __mathlib_powf                           0x080063e5   Thumb Code     0  powf.o(i.__hardfp_powf)
    __hardfp_sqrtf                           0x08006a49   Thumb Code    58  sqrtf.o(i.__hardfp_sqrtf)
    __hardfp_tanf                            0x08006a85   Thumb Code   322  tanf.o(i.__hardfp_tanf)
    __mathlib_flt_divzero                    0x08006c01   Thumb Code    14  funder.o(i.__mathlib_flt_divzero)
    __mathlib_flt_infnan                     0x08006c15   Thumb Code     6  funder.o(i.__mathlib_flt_infnan)
    __mathlib_flt_infnan2                    0x08006c1b   Thumb Code     6  funder.o(i.__mathlib_flt_infnan2)
    __mathlib_flt_invalid                    0x08006c21   Thumb Code    10  funder.o(i.__mathlib_flt_invalid)
    __mathlib_flt_overflow                   0x08006c31   Thumb Code    10  funder.o(i.__mathlib_flt_overflow)
    __mathlib_flt_underflow                  0x08006c41   Thumb Code    10  funder.o(i.__mathlib_flt_underflow)
    __mathlib_rredf2                         0x08006c51   Thumb Code   316  rredf.o(i.__mathlib_rredf2)
    absf                                     0x08006da5   Thumb Code    30  mouse.o(i.absf)
    crosswayCheck                            0x08007011   Thumb Code   136  maze.o(i.crosswayCheck)
    crosswayChoice                           0x080070a1   Thumb Code    54  maze.o(i.crosswayChoice)
    getIrDistance                            0x08007251   Thumb Code   396  hardware.o(i.getIrDistance)
    imuComputeRotationMatrix                 0x08007619   Thumb Code   358  mpu6000.o(i.imuComputeRotationMatrix)
    imuUpdate                                0x08007795   Thumb Code   914  mpu6000.o(i.imuUpdate)
    invSqrt                                  0x08007b69   Thumb Code    56  mpu6000.o(i.invSqrt)
    irCheck                                  0x08007ba5   Thumb Code   186  hardware.o(i.irCheck)
    isGoal                                   0x08007c7d   Thumb Code   136  maze.o(i.isGoal)
    leftMotorCtrl                            0x08007dc9   Thumb Code    84  motor.o(i.leftMotorCtrl)
    lpf2pApply                               0x08007e25   Thumb Code   110  mpu6000.o(i.lpf2pApply)
    lpf2pInit                                0x08007e93   Thumb Code    52  mpu6000.o(i.lpf2pInit)
    lpf2pSetCutoffFreq                       0x08007ec9   Thumb Code   198  mpu6000.o(i.lpf2pSetCutoffFreq)
    main                                     0x08007f9d   Thumb Code    64  main.o(i.main)
    mainTask                                 0x08007fdd   Thumb Code   784  maze.o(i.mainTask)
    modbusInit                               0x080084e5   Thumb Code    56  modbus.o(i.modbusInit)
    modbusProcess                            0x08008535   Thumb Code   574  modbus.o(i.modbusProcess)
    modbusSendBuf                            0x080087a9   Thumb Code    18  modbus.o(i.modbusSendBuf)
    mouseControl                             0x080087c1   Thumb Code   138  motor.o(i.mouseControl)
    mouseCoorUpdate                          0x08008861   Thumb Code   150  mouse.o(i.mouseCoorUpdate)
    mouseInit                                0x08008905   Thumb Code   132  hardware.o(i.mouseInit)
    mouseMoveDist                            0x080089a5   Thumb Code   250  mouse.o(i.mouseMoveDist)
    mouseReset                               0x08008ab5   Thumb Code    22  mouse.o(i.mouseReset)
    mouseRunBLocks                           0x08008ad5   Thumb Code  1120  mouse.o(i.mouseRunBLocks)
    mouseSetPulse                            0x08008f45   Thumb Code    84  mouse.o(i.mouseSetPulse)
    mouseStop                                0x08009151   Thumb Code    56  mouse.o(i.mouseStop)
    mouseTurnback                            0x08009191   Thumb Code   248  mouse.o(i.mouseTurnback)
    mouseTurnbackNo                          0x080092b9   Thumb Code   192  mouse.o(i.mouseTurnbackNo)
    mouseTurnleft                            0x0800939d   Thumb Code   184  mouse.o(i.mouseTurnleft)
    mouseTurnright                           0x08009479   Thumb Code   184  mouse.o(i.mouseTurnright)
    processAccGyro                           0x08009555   Thumb Code   324  mpu6000.o(i.processAccGyro)
    rightMotorCtrl                           0x0800989d   Thumb Code    84  motor.o(i.rightMotorCtrl)
    searchCrossWay                           0x080098f9   Thumb Code  1160  mouse.o(i.searchCrossWay)
    speedUp                                  0x0800a00d   Thumb Code   166  motor.o(i.speedUp)
    startCheck                               0x0800a0c5   Thumb Code    44  hardware.o(i.startCheck)
    wallCheck                                0x0800a0f5   Thumb Code   584  mouse.o(i.wallCheck)
    __aeabi_d2f                              0x0800a34d   Thumb Code     0  d2f.o(x$fpl$d2f)
    _d2f                                     0x0800a34d   Thumb Code    98  d2f.o(x$fpl$d2f)
    __aeabi_dadd                             0x0800a3b1   Thumb Code     0  daddsub_clz.o(x$fpl$dadd)
    _dadd                                    0x0800a3b1   Thumb Code   332  daddsub_clz.o(x$fpl$dadd)
    __fpl_dcmp_Inf                           0x0800a501   Thumb Code    24  dcmpi.o(x$fpl$dcmpinf)
    __aeabi_d2uiz                            0x0800a519   Thumb Code     0  dfixu.o(x$fpl$dfixu)
    _dfixu                                   0x0800a519   Thumb Code    90  dfixu.o(x$fpl$dfixu)
    __aeabi_i2d                              0x0800a573   Thumb Code     0  dflt_clz.o(x$fpl$dflt)
    _dflt                                    0x0800a573   Thumb Code    46  dflt_clz.o(x$fpl$dflt)
    __aeabi_ui2d                             0x0800a5a1   Thumb Code     0  dflt_clz.o(x$fpl$dfltu)
    _dfltu                                   0x0800a5a1   Thumb Code    38  dflt_clz.o(x$fpl$dfltu)
    __aeabi_cdcmple                          0x0800a5c9   Thumb Code     0  dleqf.o(x$fpl$dleqf)
    _dcmple                                  0x0800a5c9   Thumb Code   120  dleqf.o(x$fpl$dleqf)
    __fpl_dcmple_InfNaN                      0x0800a62b   Thumb Code     0  dleqf.o(x$fpl$dleqf)
    __aeabi_dmul                             0x0800a641   Thumb Code     0  dmul.o(x$fpl$dmul)
    _dmul                                    0x0800a641   Thumb Code   332  dmul.o(x$fpl$dmul)
    __fpl_dnaninf                            0x0800a795   Thumb Code   156  dnaninf.o(x$fpl$dnaninf)
    __fpl_dretinf                            0x0800a831   Thumb Code    12  dretinf.o(x$fpl$dretinf)
    __aeabi_cdrcmple                         0x0800a83d   Thumb Code     0  drleqf.o(x$fpl$drleqf)
    _drcmple                                 0x0800a83d   Thumb Code   108  drleqf.o(x$fpl$drleqf)
    __aeabi_dsub                             0x0800a8a9   Thumb Code     0  daddsub_clz.o(x$fpl$dsub)
    _dsub                                    0x0800a8a9   Thumb Code   464  daddsub_clz.o(x$fpl$dsub)
    __aeabi_f2d                              0x0800aa7d   Thumb Code     0  f2d.o(x$fpl$f2d)
    _f2d                                     0x0800aa7d   Thumb Code    86  f2d.o(x$fpl$f2d)
    __aeabi_ul2f                             0x0800aad3   Thumb Code     0  ffltll_clz.o(x$fpl$ffltll)
    _ll_uto_f                                0x0800aad3   Thumb Code     6  ffltll_clz.o(x$fpl$ffltll)
    __aeabi_l2f                              0x0800aad9   Thumb Code     0  ffltll_clz.o(x$fpl$ffltll)
    _ll_sto_f                                0x0800aad9   Thumb Code    90  ffltll_clz.o(x$fpl$ffltll)
    __fpl_fnaninf                            0x0800ab33   Thumb Code   140  fnaninf.o(x$fpl$fnaninf)
    _fp_init                                 0x0800abbf   Thumb Code    10  fpinit.o(x$fpl$fpinit)
    __fplib_config_fpu_vfp                   0x0800abc7   Thumb Code     0  fpinit.o(x$fpl$fpinit)
    __fplib_config_pureend_doubles           0x0800abc7   Thumb Code     0  fpinit.o(x$fpl$fpinit)
    __fpl_fretinf                            0x0800abc9   Thumb Code    10  fretinf.o(x$fpl$fretinf)
    __I$use$fp                               0x0800abd2   Number         0  usenofp.o(x$fpl$usenofp)
    auchCRCHi                                0x0800abd2   Data         256  modbus.o(.constdata)
    auchCRCLo                                0x0800acd2   Data         256  modbus.o(.constdata)
    IR_DIST                                  0x0800add2   Data          24  hardware.o(.constdata)
    AHBPrescTable                            0x0800adea   Data          16  system_stm32f4xx.o(.constdata)
    APBPrescTable                            0x0800adfa   Data           8  system_stm32f4xx.o(.constdata)
    Region$$Table$$Base                      0x0800af6c   Number         0  anon$$obj.o(Region$$Table)
    Region$$Table$$Limit                     0x0800af8c   Number         0  anon$$obj.o(Region$$Table)
    ModbusSlaveAddr                          0x20000000   Data           1  modbus.o(.data)
    gusModbusRecvLen                         0x20000002   Data           2  modbus.o(.data)
    gbModbusRecved                           0x20000004   Data           1  modbus.o(.data)
    gusCammand                               0x20000006   Data           2  modbus.o(.data)
    startRegAddr                             0x20000008   Data           2  modbus.o(.data)
    RegNum                                   0x2000000a   Data           2  modbus.o(.data)
    calCRC                                   0x2000000c   Data           2  modbus.o(.data)
    usCurFeedBack                            0x20000010   Data           2  enc.o(.data)
    usLastFeedBack                           0x20000012   Data           2  enc.o(.data)
    usTmpFeedBack                            0x20000014   Data           2  enc.o(.data)
    usFeedBackInx                            0x20000016   Data           2  enc.o(.data)
    usFeedBackAvg                            0x20000018   Data           2  enc.o(.data)
    usFeedBackMax                            0x2000001a   Data           2  enc.o(.data)
    usFeedBackMin                            0x2000001c   Data           2  enc.o(.data)
    usFeedBackSum                            0x20000020   Data           4  enc.o(.data)
    gusLedFlash                              0x20000030   Data           2  hardware.o(.data)
    StartKey                                 0x20000034   Data           8  hardware.o(.data)
    RunLed                                   0x2000003c   Data           8  hardware.o(.data)
    IREnable                                 0x20000044   Data          32  hardware.o(.data)
    usSunlight                               0x20000064   Data           8  hardware.o(.data)
    gsIrLevel                                0x2000006c   Data           8  hardware.o(.data)
    gusDistance                              0x20000074   Data           8  hardware.o(.data)
    gbFrontIRTrigger                         0x2000007c   Data           1  hardware.o(.data)
    IR_TABLE                                 0x2000007e   Data         128  hardware.o(.data)
    bMpuWorked                               0x200000fe   Data           1  hardware.o(.data)
    res                                      0x200000ff   Data           1  hardware.o(.data)
    gsTunningStraight                        0x20000106   Data           2  motor.o(.data)
    z                                        0x2000010c   Data           2  mpu6000.o(.data)
    bFirstBoot                               0x2000010e   Data           1  mpu6000.o(.data)
    Kp                                       0x20000128   Data           4  mpu6000.o(.data)
    Ki                                       0x2000012c   Data           4  mpu6000.o(.data)
    exInt                                    0x20000130   Data           4  mpu6000.o(.data)
    eyInt                                    0x20000134   Data           4  mpu6000.o(.data)
    ezInt                                    0x20000138   Data           4  mpu6000.o(.data)
    isGravityCalibrated                      0x20000140   Data           1  mpu6000.o(.data)
    gbMpuUpdated                             0x20000150   Data           1  mpu6000.o(.data)
    gucGoal                                  0x20000166   Data           8  maze.o(.data)
    gucMouseTask                             0x2000016e   Data           1  maze.o(.data)
    gusLeftDist                              0x20000270   Data           2  maze.o(.data)
    gusRightDist                             0x20000272   Data           2  maze.o(.data)
    gmcCurrentCoor                           0x2000027c   Data           2  mouse.o(.data)
    gucMouseDir                              0x2000027e   Data           1  mouse.o(.data)
    gbFrontBlocked                           0x20000282   Data           1  mouse.o(.data)
    gucPreDirect                             0x20000283   Data           1  mouse.o(.data)
    gucNextDirect                            0x20000284   Data           1  mouse.o(.data)
    guscMAXSPEED                             0x20000286   Data           2  mouse.o(.data)
    guscSEARCHSPEED                          0x20000288   Data           2  mouse.o(.data)
    guscMINSPEED                             0x2000028a   Data           2  mouse.o(.data)
    guscROTATESPEED                          0x2000028c   Data           2  mouse.o(.data)
    giCurMaxSpeed                            0x20000290   Data           4  mouse.o(.data)
    gucSpeedCtrl                             0x20000294   Data           1  mouse.o(.data)
    gucMouseState                            0x20000295   Data           1  mouse.o(.data)
    ucRightCount                             0x20000296   Data           1  mouse.o(.data)
    SystemCoreClock                          0x20000298   Data           4  system_stm32f4xx.o(.data)
    uwTick                                   0x2000029c   Data           4  stm32f4xx_hal.o(.data)
    uwTickPrio                               0x200002a0   Data           4  stm32f4xx_hal.o(.data)
    uwTickFreq                               0x200002a4   Data           1  stm32f4xx_hal.o(.data)
    gucModbusRxBuf                           0x200002a8   Data        2048  modbus.o(.bss)
    gucModbusTxBuf                           0x20000aa8   Data        2048  modbus.o(.bss)
    Modbus_InputIO                           0x200012a8   Data         400  modbus.o(.bss)
    Modbus_OutputIO                          0x20001438   Data         400  modbus.o(.bss)
    Modbus_HoldReg                           0x200015c8   Data        4096  modbus.o(.bss)
    gucMapTmp                                0x200025c8   Data          10  modbus.o(.bss)
    usAdBuffer                               0x200029d2   Data          12  hardware.o(.bss)
    gmMouse                                  0x20002a08   Data         188  motor.o(.bss)
    ucMPUTBuf                                0x20002ac4   Data          32  mpu6000.o(.bss)
    ucMPURBuf                                0x20002ae4   Data          32  mpu6000.o(.bss)
    gyroBiasRunning                          0x20002b04   Data        6164  mpu6000.o(.bss)
    gyroData                                 0x200043cc   Data          12  mpu6000.o(.bss)
    attitudeData                             0x200043e4   Data          16  mpu6000.o(.bss)
    gucMapWay                                0x20004824   Data        2048  mouse.o(.bss)
    gucMapVisited                            0x20005024   Data        1024  mouse.o(.bss)
    hadc1                                    0x20005424   Data          72  adc.o(.bss)
    hdma_adc1                                0x2000546c   Data          96  adc.o(.bss)
    hspi1                                    0x200054cc   Data          88  spi.o(.bss)
    hspi2                                    0x20005524   Data          88  spi.o(.bss)
    hdma_spi1_rx                             0x2000557c   Data          96  spi.o(.bss)
    hdma_spi1_tx                             0x200055dc   Data          96  spi.o(.bss)
    hdma_spi2_rx                             0x2000563c   Data          96  spi.o(.bss)
    hdma_spi2_tx                             0x2000569c   Data          96  spi.o(.bss)
    htim2                                    0x200056fc   Data          64  tim.o(.bss)
    htim3                                    0x2000573c   Data          64  tim.o(.bss)
    htim4                                    0x2000577c   Data          64  tim.o(.bss)
    htim9                                    0x200057bc   Data          64  tim.o(.bss)
    huart1                                   0x200057fc   Data          64  usart.o(.bss)
    hdma_usart1_rx                           0x2000583c   Data          96  usart.o(.bss)
    hdma_usart1_tx                           0x2000589c   Data          96  usart.o(.bss)
    __libspace_start                         0x200058fc   Data          96  libspace.o(.bss)
    __temporary_stack_top$libspace           0x2000595c   Data           0  libspace.o(.bss)



==============================================================================

Memory Map of the image

  Image Entry point : 0x08000199

  Load Region LR_IROM1 (Base: 0x08000000, Size: 0x0000b234, Max: 0x00080000, ABSOLUTE, COMPRESSED[0x0000b008])

    Execution Region ER_IROM1 (Exec base: 0x08000000, Load base: 0x08000000, Size: 0x0000af8c, Max: 0x00080000, ABSOLUTE)

    Exec Addr    Load Addr    Size         Type   Attr      Idx    E Section Name        Object

    0x08000000   0x08000000   0x00000198   Data   RO            3    RESET               startup_stm32f411xe.o
    0x08000198   0x08000198   0x00000008   Code   RO         4656  * !!!main             c_w.l(__main.o)
    0x080001a0   0x080001a0   0x00000034   Code   RO         4954    !!!scatter          c_w.l(__scatter.o)
    0x080001d4   0x080001d4   0x0000005a   Code   RO         4952    !!dczerorl2         c_w.l(__dczerorl2.o)
    0x0800022e   0x0800022e   0x00000002   PAD
    0x08000230   0x08000230   0x0000001c   Code   RO         4956    !!handler_zi        c_w.l(__scatter_zi.o)
    0x0800024c   0x0800024c   0x00000002   Code   RO         4825    .ARM.Collect$$libinit$$00000000  c_w.l(libinit.o)
    0x0800024e   0x0800024e   0x00000004   Code   RO         4834    .ARM.Collect$$libinit$$00000001  c_w.l(libinit2.o)
    0x08000252   0x08000252   0x00000000   Code   RO         4837    .ARM.Collect$$libinit$$00000004  c_w.l(libinit2.o)
    0x08000252   0x08000252   0x00000000   Code   RO         4840    .ARM.Collect$$libinit$$0000000A  c_w.l(libinit2.o)
    0x08000252   0x08000252   0x00000000   Code   RO         4842    .ARM.Collect$$libinit$$0000000C  c_w.l(libinit2.o)
    0x08000252   0x08000252   0x00000000   Code   RO         4844    .ARM.Collect$$libinit$$0000000E  c_w.l(libinit2.o)
    0x08000252   0x08000252   0x00000000   Code   RO         4847    .ARM.Collect$$libinit$$00000011  c_w.l(libinit2.o)
    0x08000252   0x08000252   0x00000000   Code   RO         4849    .ARM.Collect$$libinit$$00000013  c_w.l(libinit2.o)
    0x08000252   0x08000252   0x00000000   Code   RO         4851    .ARM.Collect$$libinit$$00000015  c_w.l(libinit2.o)
    0x08000252   0x08000252   0x00000000   Code   RO         4853    .ARM.Collect$$libinit$$00000017  c_w.l(libinit2.o)
    0x08000252   0x08000252   0x00000000   Code   RO         4855    .ARM.Collect$$libinit$$00000019  c_w.l(libinit2.o)
    0x08000252   0x08000252   0x00000000   Code   RO         4857    .ARM.Collect$$libinit$$0000001B  c_w.l(libinit2.o)
    0x08000252   0x08000252   0x00000000   Code   RO         4859    .ARM.Collect$$libinit$$0000001D  c_w.l(libinit2.o)
    0x08000252   0x08000252   0x00000000   Code   RO         4861    .ARM.Collect$$libinit$$0000001F  c_w.l(libinit2.o)
    0x08000252   0x08000252   0x00000000   Code   RO         4863    .ARM.Collect$$libinit$$00000021  c_w.l(libinit2.o)
    0x08000252   0x08000252   0x00000000   Code   RO         4865    .ARM.Collect$$libinit$$00000023  c_w.l(libinit2.o)
    0x08000252   0x08000252   0x00000000   Code   RO         4867    .ARM.Collect$$libinit$$00000025  c_w.l(libinit2.o)
    0x08000252   0x08000252   0x00000000   Code   RO         4871    .ARM.Collect$$libinit$$0000002C  c_w.l(libinit2.o)
    0x08000252   0x08000252   0x00000000   Code   RO         4873    .ARM.Collect$$libinit$$0000002E  c_w.l(libinit2.o)
    0x08000252   0x08000252   0x00000000   Code   RO         4875    .ARM.Collect$$libinit$$00000030  c_w.l(libinit2.o)
    0x08000252   0x08000252   0x00000000   Code   RO         4877    .ARM.Collect$$libinit$$00000032  c_w.l(libinit2.o)
    0x08000252   0x08000252   0x00000002   Code   RO         4878    .ARM.Collect$$libinit$$00000033  c_w.l(libinit2.o)
    0x08000254   0x08000254   0x00000002   Code   RO         4909    .ARM.Collect$$libshutdown$$00000000  c_w.l(libshutdown.o)
    0x08000256   0x08000256   0x00000000   Code   RO         4935    .ARM.Collect$$libshutdown$$00000002  c_w.l(libshutdown2.o)
    0x08000256   0x08000256   0x00000000   Code   RO         4937    .ARM.Collect$$libshutdown$$00000004  c_w.l(libshutdown2.o)
    0x08000256   0x08000256   0x00000000   Code   RO         4940    .ARM.Collect$$libshutdown$$00000007  c_w.l(libshutdown2.o)
    0x08000256   0x08000256   0x00000000   Code   RO         4943    .ARM.Collect$$libshutdown$$0000000A  c_w.l(libshutdown2.o)
    0x08000256   0x08000256   0x00000000   Code   RO         4945    .ARM.Collect$$libshutdown$$0000000C  c_w.l(libshutdown2.o)
    0x08000256   0x08000256   0x00000000   Code   RO         4948    .ARM.Collect$$libshutdown$$0000000F  c_w.l(libshutdown2.o)
    0x08000256   0x08000256   0x00000002   Code   RO         4949    .ARM.Collect$$libshutdown$$00000010  c_w.l(libshutdown2.o)
    0x08000258   0x08000258   0x00000000   Code   RO         4748    .ARM.Collect$$rtentry$$00000000  c_w.l(__rtentry.o)
    0x08000258   0x08000258   0x00000000   Code   RO         4788    .ARM.Collect$$rtentry$$00000002  c_w.l(__rtentry2.o)
    0x08000258   0x08000258   0x00000006   Code   RO         4800    .ARM.Collect$$rtentry$$00000004  c_w.l(__rtentry4.o)
    0x0800025e   0x0800025e   0x00000000   Code   RO         4790    .ARM.Collect$$rtentry$$00000009  c_w.l(__rtentry2.o)
    0x0800025e   0x0800025e   0x00000004   Code   RO         4791    .ARM.Collect$$rtentry$$0000000A  c_w.l(__rtentry2.o)
    0x08000262   0x08000262   0x00000000   Code   RO         4793    .ARM.Collect$$rtentry$$0000000C  c_w.l(__rtentry2.o)
    0x08000262   0x08000262   0x00000008   Code   RO         4794    .ARM.Collect$$rtentry$$0000000D  c_w.l(__rtentry2.o)
    0x0800026a   0x0800026a   0x00000002   Code   RO         4826    .ARM.Collect$$rtexit$$00000000  c_w.l(rtexit.o)
    0x0800026c   0x0800026c   0x00000000   Code   RO         4882    .ARM.Collect$$rtexit$$00000002  c_w.l(rtexit2.o)
    0x0800026c   0x0800026c   0x00000004   Code   RO         4883    .ARM.Collect$$rtexit$$00000003  c_w.l(rtexit2.o)
    0x08000270   0x08000270   0x00000006   Code   RO         4884    .ARM.Collect$$rtexit$$00000004  c_w.l(rtexit2.o)
    0x08000276   0x08000276   0x00000002   PAD
    0x08000278   0x08000278   0x00000040   Code   RO            4    .text               startup_stm32f411xe.o
    0x080002b8   0x080002b8   0x000000ee   Code   RO         4648    .text               c_w.l(lludivv7m.o)
    0x080003a6   0x080003a6   0x00000048   Code   RO         4650    .text               c_w.l(llsdiv.o)
    0x080003ee   0x080003ee   0x0000004e   Code   RO         4652    .text               c_w.l(rt_memclr_w.o)
    0x0800043c   0x0800043c   0x00000006   Code   RO         4654    .text               c_w.l(heapauxi.o)
    0x08000442   0x08000442   0x00000016   Code   RO         4753    .text               c_w.l(_rserrno.o)
    0x08000458   0x08000458   0x00000008   Code   RO         4807    .text               c_w.l(rt_errno_addr_intlibspace.o)
    0x08000460   0x08000460   0x00000008   Code   RO         4809    .text               c_w.l(libspace.o)
    0x08000468   0x08000468   0x0000004a   Code   RO         4812    .text               c_w.l(sys_stackheap_outer.o)
    0x080004b2   0x080004b2   0x00000012   Code   RO         4814    .text               c_w.l(exit.o)
    0x080004c4   0x080004c4   0x0000000c   Code   RO         4879    .text               c_w.l(sys_exit.o)
    0x080004d0   0x080004d0   0x00000002   Code   RO         4898    .text               c_w.l(use_no_semi.o)
    0x080004d2   0x080004d2   0x00000000   Code   RO         4900    .text               c_w.l(indicate_semi.o)
    0x080004d2   0x080004d2   0x0000007e   Code   RO         1512    i.ADC_DMAConvCplt   stm32f4xx_hal_adc.o
    0x08000550   0x08000550   0x0000001a   Code   RO         1513    i.ADC_DMAError      stm32f4xx_hal_adc.o
    0x0800056a   0x0800056a   0x0000000e   Code   RO         1514    i.ADC_DMAHalfConvCplt  stm32f4xx_hal_adc.o
    0x08000578   0x08000578   0x00000160   Code   RO         1515    i.ADC_Init          stm32f4xx_hal_adc.o
    0x080006d8   0x080006d8   0x00000058   Code   RO          860    i.AnglePidCtrl      mouse.o
    0x08000730   0x08000730   0x00000004   Code   RO         1303    i.BusFault_Handler  stm32f4xx_it.o
    0x08000734   0x08000734   0x000000c0   Code   RO          861    i.CalcAngleErr      mouse.o
    0x080007f4   0x080007f4   0x00000078   Code   RO          480    i.ClearPID          motor.o
    0x0800086c   0x0800086c   0x00000016   Code   RO          481    i.ClearPIDAll       motor.o
    0x08000882   0x08000882   0x00000002   PAD
    0x08000884   0x08000884   0x00000038   Code   RO           13    i.CrcCompute        modbus.o
    0x080008bc   0x080008bc   0x00000010   Code   RO         1304    i.DMA1_Stream3_IRQHandler  stm32f4xx_it.o
    0x080008cc   0x080008cc   0x00000010   Code   RO         1305    i.DMA1_Stream4_IRQHandler  stm32f4xx_it.o
    0x080008dc   0x080008dc   0x00000010   Code   RO         1306    i.DMA2_Stream0_IRQHandler  stm32f4xx_it.o
    0x080008ec   0x080008ec   0x00000010   Code   RO         1307    i.DMA2_Stream2_IRQHandler  stm32f4xx_it.o
    0x080008fc   0x080008fc   0x00000010   Code   RO         1308    i.DMA2_Stream3_IRQHandler  stm32f4xx_it.o
    0x0800090c   0x0800090c   0x00000010   Code   RO         1309    i.DMA2_Stream4_IRQHandler  stm32f4xx_it.o
    0x0800091c   0x0800091c   0x00000010   Code   RO         1310    i.DMA2_Stream7_IRQHandler  stm32f4xx_it.o
    0x0800092c   0x0800092c   0x00000034   Code   RO         2355    i.DMA_CalcBaseAndBitshift  stm32f4xx_hal_dma.o
    0x08000960   0x08000960   0x000000aa   Code   RO         2356    i.DMA_CheckFifoParam  stm32f4xx_hal_dma.o
    0x08000a0a   0x08000a0a   0x0000002c   Code   RO         2357    i.DMA_SetConfig     stm32f4xx_hal_dma.o
    0x08000a36   0x08000a36   0x00000002   Code   RO         1311    i.DebugMon_Handler  stm32f4xx_it.o
    0x08000a38   0x08000a38   0x0000004c   Code   RO          862    i.DebugWait         mouse.o
    0x08000a84   0x08000a84   0x0000000a   Code   RO          395    i.DelayUs           hardware.o
    0x08000a8e   0x08000a8e   0x0000000a   Code   RO         1312    i.EXTI3_IRQHandler  stm32f4xx_it.o
    0x08000a98   0x08000a98   0x0000002c   Code   RO          271    i.EncInit           enc.o
    0x08000ac4   0x08000ac4   0x00000144   Code   RO          272    i.EncUpdate         enc.o
    0x08000c08   0x08000c08   0x00000002   Code   RO          999    i.Error_Handler     main.o
    0x08000c0a   0x08000c0a   0x00000002   PAD
    0x08000c0c   0x08000c0c   0x00000014   Code   RO          309    i.FRAMCS            fmem.o
    0x08000c20   0x08000c20   0x0000000a   Code   RO          310    i.FRAMInit          fmem.o
    0x08000c2a   0x08000c2a   0x00000002   PAD
    0x08000c2c   0x08000c2c   0x00000048   Code   RO          312    i.FRAMReadBuffer    fmem.o
    0x08000c74   0x08000c74   0x00000060   Code   RO          315    i.FRAMWriteBuffer   fmem.o
    0x08000cd4   0x08000cd4   0x00000020   Code   RO          316    i.FRAMWriteDI       fmem.o
    0x08000cf4   0x08000cf4   0x00000020   Code   RO          317    i.FRAMWriteEN       fmem.o
    0x08000d14   0x08000d14   0x00000034   Code   RO          318    i.FRAMWriteSR       fmem.o
    0x08000d48   0x08000d48   0x00000014   Code   RO          319    i.FRAMnCS           fmem.o
    0x08000d5c   0x08000d5c   0x000001a4   Code   RO         1517    i.HAL_ADC_ConfigChannel  stm32f4xx_hal_adc.o
    0x08000f00   0x08000f00   0x00000002   Code   RO         1518    i.HAL_ADC_ConvCpltCallback  stm32f4xx_hal_adc.o
    0x08000f02   0x08000f02   0x00000002   Code   RO         1519    i.HAL_ADC_ConvHalfCpltCallback  stm32f4xx_hal_adc.o
    0x08000f04   0x08000f04   0x00000002   Code   RO         1521    i.HAL_ADC_ErrorCallback  stm32f4xx_hal_adc.o
    0x08000f06   0x08000f06   0x00000002   PAD
    0x08000f08   0x08000f08   0x00000068   Code   RO         1526    i.HAL_ADC_Init      stm32f4xx_hal_adc.o
    0x08000f70   0x08000f70   0x000000f8   Code   RO         1070    i.HAL_ADC_MspInit   adc.o
    0x08001068   0x08001068   0x0000014c   Code   RO         1533    i.HAL_ADC_Start_DMA  stm32f4xx_hal_adc.o
    0x080011b4   0x080011b4   0x000000aa   Code   RO         2358    i.HAL_DMA_Abort     stm32f4xx_hal_dma.o
    0x0800125e   0x0800125e   0x00000028   Code   RO         2359    i.HAL_DMA_Abort_IT  stm32f4xx_hal_dma.o
    0x08001286   0x08001286   0x00000002   PAD
    0x08001288   0x08001288   0x00000240   Code   RO         2363    i.HAL_DMA_IRQHandler  stm32f4xx_hal_dma.o
    0x080014c8   0x080014c8   0x000000ec   Code   RO         2364    i.HAL_DMA_Init      stm32f4xx_hal_dma.o
    0x080015b4   0x080015b4   0x00000092   Code   RO         2368    i.HAL_DMA_Start_IT  stm32f4xx_hal_dma.o
    0x08001646   0x08001646   0x00000002   PAD
    0x08001648   0x08001648   0x00000028   Code   RO         2806    i.HAL_Delay         stm32f4xx_hal.o
    0x08001670   0x08001670   0x00000080   Code   RO          396    i.HAL_GPIO_EXTI_Callback  hardware.o
    0x080016f0   0x080016f0   0x0000001c   Code   RO         2250    i.HAL_GPIO_EXTI_IRQHandler  stm32f4xx_hal_gpio.o
    0x0800170c   0x0800170c   0x000001d4   Code   RO         2251    i.HAL_GPIO_Init     stm32f4xx_hal_gpio.o
    0x080018e0   0x080018e0   0x00000010   Code   RO         2253    i.HAL_GPIO_ReadPin  stm32f4xx_hal_gpio.o
    0x080018f0   0x080018f0   0x00000012   Code   RO         2254    i.HAL_GPIO_TogglePin  stm32f4xx_hal_gpio.o
    0x08001902   0x08001902   0x0000000c   Code   RO         2255    i.HAL_GPIO_WritePin  stm32f4xx_hal_gpio.o
    0x0800190e   0x0800190e   0x00000002   PAD
    0x08001910   0x08001910   0x0000000c   Code   RO         2812    i.HAL_GetTick       stm32f4xx_hal.o
    0x0800191c   0x0800191c   0x00000018   Code   RO         2818    i.HAL_IncTick       stm32f4xx_hal.o
    0x08001934   0x08001934   0x0000003c   Code   RO         2819    i.HAL_Init          stm32f4xx_hal.o
    0x08001970   0x08001970   0x0000004c   Code   RO         2820    i.HAL_InitTick      stm32f4xx_hal.o
    0x080019bc   0x080019bc   0x00000048   Code   RO         1451    i.HAL_MspInit       stm32f4xx_hal_msp.o
    0x08001a04   0x08001a04   0x00000020   Code   RO         2664    i.HAL_NVIC_EnableIRQ  stm32f4xx_hal_cortex.o
    0x08001a24   0x08001a24   0x0000007c   Code   RO         2670    i.HAL_NVIC_SetPriority  stm32f4xx_hal_cortex.o
    0x08001aa0   0x08001aa0   0x00000028   Code   RO         2671    i.HAL_NVIC_SetPriorityGrouping  stm32f4xx_hal_cortex.o
    0x08001ac8   0x08001ac8   0x00000184   Code   RO         1788    i.HAL_RCC_ClockConfig  stm32f4xx_hal_rcc.o
    0x08001c4c   0x08001c4c   0x0000000c   Code   RO         1793    i.HAL_RCC_GetHCLKFreq  stm32f4xx_hal_rcc.o
    0x08001c58   0x08001c58   0x00000020   Code   RO         1795    i.HAL_RCC_GetPCLK1Freq  stm32f4xx_hal_rcc.o
    0x08001c78   0x08001c78   0x00000020   Code   RO         1796    i.HAL_RCC_GetPCLK2Freq  stm32f4xx_hal_rcc.o
    0x08001c98   0x08001c98   0x000000b0   Code   RO         1797    i.HAL_RCC_GetSysClockFreq  stm32f4xx_hal_rcc.o
    0x08001d48   0x08001d48   0x00000488   Code   RO         1800    i.HAL_RCC_OscConfig  stm32f4xx_hal_rcc.o
    0x080021d0   0x080021d0   0x00000048   Code   RO         3062    i.HAL_SPI_DMAStop   stm32f4xx_hal_spi.o
    0x08002218   0x08002218   0x00000002   Code   RO         3064    i.HAL_SPI_ErrorCallback  stm32f4xx_hal_spi.o
    0x0800221a   0x0800221a   0x00000002   PAD
    0x0800221c   0x0800221c   0x0000015c   Code   RO         3067    i.HAL_SPI_IRQHandler  stm32f4xx_hal_spi.o
    0x08002378   0x08002378   0x0000008c   Code   RO         3068    i.HAL_SPI_Init      stm32f4xx_hal_spi.o
    0x08002404   0x08002404   0x00000224   Code   RO         1136    i.HAL_SPI_MspInit   spi.o
    0x08002628   0x08002628   0x00000164   Code   RO         3071    i.HAL_SPI_Receive   stm32f4xx_hal_spi.o
    0x0800278c   0x0800278c   0x00000002   Code   RO         3074    i.HAL_SPI_RxCpltCallback  stm32f4xx_hal_spi.o
    0x0800278e   0x0800278e   0x00000002   Code   RO         3075    i.HAL_SPI_RxHalfCpltCallback  stm32f4xx_hal_spi.o
    0x08002790   0x08002790   0x000001a2   Code   RO         3076    i.HAL_SPI_Transmit  stm32f4xx_hal_spi.o
    0x08002932   0x08002932   0x0000022a   Code   RO         3077    i.HAL_SPI_TransmitReceive  stm32f4xx_hal_spi.o
    0x08002b5c   0x08002b5c   0x0000016c   Code   RO         3078    i.HAL_SPI_TransmitReceive_DMA  stm32f4xx_hal_spi.o
    0x08002cc8   0x08002cc8   0x00000018   Code   RO          397    i.HAL_SPI_TxRxCpltCallback  hardware.o
    0x08002ce0   0x08002ce0   0x00000002   Code   RO         3085    i.HAL_SPI_TxRxHalfCpltCallback  stm32f4xx_hal_spi.o
    0x08002ce2   0x08002ce2   0x00000034   Code   RO         2675    i.HAL_SYSTICK_Config  stm32f4xx_hal_cortex.o
    0x08002d16   0x08002d16   0x00000002   Code   RO         4067    i.HAL_TIMEx_BreakCallback  stm32f4xx_hal_tim_ex.o
    0x08002d18   0x08002d18   0x00000002   Code   RO         4068    i.HAL_TIMEx_CommutCallback  stm32f4xx_hal_tim_ex.o
    0x08002d1a   0x08002d1a   0x00000002   PAD
    0x08002d1c   0x08002d1c   0x0000009c   Code   RO         4085    i.HAL_TIMEx_MasterConfigSynchronization  stm32f4xx_hal_tim_ex.o
    0x08002db8   0x08002db8   0x00000034   Code   RO         3381    i.HAL_TIM_Base_Init  stm32f4xx_hal_tim.o
    0x08002dec   0x08002dec   0x00000078   Code   RO         1184    i.HAL_TIM_Base_MspInit  tim.o
    0x08002e64   0x08002e64   0x0000002a   Code   RO         3386    i.HAL_TIM_Base_Start_IT  stm32f4xx_hal_tim.o
    0x08002e8e   0x08002e8e   0x00000108   Code   RO         3390    i.HAL_TIM_ConfigClockSource  stm32f4xx_hal_tim.o
    0x08002f96   0x08002f96   0x000000ae   Code   RO         3399    i.HAL_TIM_Encoder_Init  stm32f4xx_hal_tim.o
    0x08003044   0x08003044   0x0000012c   Code   RO         1186    i.HAL_TIM_Encoder_MspInit  tim.o
    0x08003170   0x08003170   0x0000004e   Code   RO         3402    i.HAL_TIM_Encoder_Start  stm32f4xx_hal_tim.o
    0x080031be   0x080031be   0x00000002   Code   RO         3410    i.HAL_TIM_IC_CaptureCallback  stm32f4xx_hal_tim.o
    0x080031c0   0x080031c0   0x00000196   Code   RO         3424    i.HAL_TIM_IRQHandler  stm32f4xx_hal_tim.o
    0x08003356   0x08003356   0x00000002   PAD
    0x08003358   0x08003358   0x00000064   Code   RO         1187    i.HAL_TIM_MspPostInit  tim.o
    0x080033bc   0x080033bc   0x00000002   Code   RO         3427    i.HAL_TIM_OC_DelayElapsedCallback  stm32f4xx_hal_tim.o
    0x080033be   0x080033be   0x00000108   Code   RO         3448    i.HAL_TIM_PWM_ConfigChannel  stm32f4xx_hal_tim.o
    0x080034c6   0x080034c6   0x00000034   Code   RO         3451    i.HAL_TIM_PWM_Init  stm32f4xx_hal_tim.o
    0x080034fa   0x080034fa   0x00000002   Code   RO         3453    i.HAL_TIM_PWM_MspInit  stm32f4xx_hal_tim.o
    0x080034fc   0x080034fc   0x00000002   Code   RO         3454    i.HAL_TIM_PWM_PulseFinishedCallback  stm32f4xx_hal_tim.o
    0x080034fe   0x080034fe   0x00000002   PAD
    0x08003500   0x08003500   0x0000004c   Code   RO         3456    i.HAL_TIM_PWM_Start  stm32f4xx_hal_tim.o
    0x0800354c   0x0800354c   0x00000070   Code   RO          398    i.HAL_TIM_PeriodElapsedCallback  hardware.o
    0x080035bc   0x080035bc   0x00000002   Code   RO         3467    i.HAL_TIM_TriggerCallback  stm32f4xx_hal_tim.o
    0x080035be   0x080035be   0x00000066   Code   RO         4337    i.HAL_UART_DMAStop  stm32f4xx_hal_uart.o
    0x08003624   0x08003624   0x0000004c   Code   RO           14    i.HAL_UART_ErrorCallback  modbus.o
    0x08003670   0x08003670   0x00000154   Code   RO         4342    i.HAL_UART_IRQHandler  stm32f4xx_hal_uart.o
    0x080037c4   0x080037c4   0x00000072   Code   RO         4343    i.HAL_UART_Init     stm32f4xx_hal_uart.o
    0x08003836   0x08003836   0x00000002   PAD
    0x08003838   0x08003838   0x0000011c   Code   RO         1262    i.HAL_UART_MspInit  usart.o
    0x08003954   0x08003954   0x000000c4   Code   RO         4347    i.HAL_UART_Receive_DMA  stm32f4xx_hal_uart.o
    0x08003a18   0x08003a18   0x0000004c   Code   RO           15    i.HAL_UART_RxCpltCallback  modbus.o
    0x08003a64   0x08003a64   0x00000002   Code   RO         4350    i.HAL_UART_RxHalfCpltCallback  stm32f4xx_hal_uart.o
    0x08003a66   0x08003a66   0x00000002   PAD
    0x08003a68   0x08003a68   0x0000009c   Code   RO         4352    i.HAL_UART_Transmit_DMA  stm32f4xx_hal_uart.o
    0x08003b04   0x08003b04   0x0000001c   Code   RO           16    i.HAL_UART_TxCpltCallback  modbus.o
    0x08003b20   0x08003b20   0x00000002   Code   RO         4355    i.HAL_UART_TxHalfCpltCallback  stm32f4xx_hal_uart.o
    0x08003b22   0x08003b22   0x00000004   Code   RO         1313    i.HardFault_Handler  stm32f4xx_it.o
    0x08003b26   0x08003b26   0x00000002   PAD
    0x08003b28   0x08003b28   0x00000024   Code   RO          572    i.MPUCS             mpu6000.o
    0x08003b4c   0x08003b4c   0x000001a8   Code   RO          573    i.MPUInit           mpu6000.o
    0x08003cf4   0x08003cf4   0x00000048   Code   RO          576    i.MPUReadBufferDMA  mpu6000.o
    0x08003d3c   0x08003d3c   0x00000034   Code   RO          577    i.MPUReadReg        mpu6000.o
    0x08003d70   0x08003d70   0x00000034   Code   RO          578    i.MPUUpdate         mpu6000.o
    0x08003da4   0x08003da4   0x00000042   Code   RO          579    i.MPUWriteBit       mpu6000.o
    0x08003de6   0x08003de6   0x00000058   Code   RO          580    i.MPUWriteBits      mpu6000.o
    0x08003e3e   0x08003e3e   0x00000002   PAD
    0x08003e40   0x08003e40   0x00000028   Code   RO          582    i.MPUWriteReg       mpu6000.o
    0x08003e68   0x08003e68   0x00000018   Code   RO          583    i.MPUnCS            mpu6000.o
    0x08003e80   0x08003e80   0x000000cc   Code   RO         1071    i.MX_ADC1_Init      adc.o
    0x08003f4c   0x08003f4c   0x000000b8   Code   RO         1111    i.MX_DMA_Init       dma.o
    0x08004004   0x08004004   0x00000124   Code   RO         1045    i.MX_GPIO_Init      gpio.o
    0x08004128   0x08004128   0x00000044   Code   RO         1137    i.MX_SPI1_Init      spi.o
    0x0800416c   0x0800416c   0x00000044   Code   RO         1138    i.MX_SPI2_Init      spi.o
    0x080041b0   0x080041b0   0x00000080   Code   RO         1188    i.MX_TIM2_Init      tim.o
    0x08004230   0x08004230   0x00000080   Code   RO         1189    i.MX_TIM3_Init      tim.o
    0x080042b0   0x080042b0   0x000000d4   Code   RO         1190    i.MX_TIM4_Init      tim.o
    0x08004384   0x08004384   0x00000050   Code   RO         1191    i.MX_TIM9_Init      tim.o
    0x080043d4   0x080043d4   0x00000038   Code   RO         1263    i.MX_USART1_UART_Init  usart.o
    0x0800440c   0x0800440c   0x00000004   Code   RO         1314    i.MemManage_Handler  stm32f4xx_it.o
    0x08004410   0x08004410   0x0000018c   Code   RO           17    i.Modbus_01_Solve   modbus.o
    0x0800459c   0x0800459c   0x0000018c   Code   RO           18    i.Modbus_02_Solve   modbus.o
    0x08004728   0x08004728   0x00000100   Code   RO           19    i.Modbus_03_Solve   modbus.o
    0x08004828   0x08004828   0x000000b8   Code   RO           20    i.Modbus_05_Solve   modbus.o
    0x080048e0   0x080048e0   0x00000094   Code   RO           21    i.Modbus_06_Solve   modbus.o
    0x08004974   0x08004974   0x00000108   Code   RO           22    i.Modbus_15_Solve   modbus.o
    0x08004a7c   0x08004a7c   0x000000f8   Code   RO           23    i.Modbus_16_Solve   modbus.o
    0x08004b74   0x08004b74   0x000001a0   Code   RO           24    i.Modbus_RegMap     modbus.o
    0x08004d14   0x08004d14   0x00000002   Code   RO         1315    i.NMI_Handler       stm32f4xx_it.o
    0x08004d16   0x08004d16   0x00000092   Code   RO          482    i.PIDAbsCompute     motor.o
    0x08004da8   0x08004da8   0x00000164   Code   RO          483    i.PIDCtrl           motor.o
    0x08004f0c   0x08004f0c   0x00000128   Code   RO          484    i.PIDIncCompute     motor.o
    0x08005034   0x08005034   0x00000154   Code   RO          485    i.PIDInit           motor.o
    0x08005188   0x08005188   0x00000002   Code   RO         1316    i.PendSV_Handler    stm32f4xx_it.o
    0x0800518a   0x0800518a   0x00000002   PAD
    0x0800518c   0x0800518c   0x00000010   Code   RO         1317    i.SPI1_IRQHandler   stm32f4xx_it.o
    0x0800519c   0x0800519c   0x00000010   Code   RO         1318    i.SPI2_IRQHandler   stm32f4xx_it.o
    0x080051ac   0x080051ac   0x00000014   Code   RO         3095    i.SPI_DMAAbortOnError  stm32f4xx_hal_spi.o
    0x080051c0   0x080051c0   0x00000028   Code   RO         3096    i.SPI_DMAError      stm32f4xx_hal_spi.o
    0x080051e8   0x080051e8   0x0000000e   Code   RO         3097    i.SPI_DMAHalfReceiveCplt  stm32f4xx_hal_spi.o
    0x080051f6   0x080051f6   0x0000000e   Code   RO         3099    i.SPI_DMAHalfTransmitReceiveCplt  stm32f4xx_hal_spi.o
    0x08005204   0x08005204   0x0000007c   Code   RO         3100    i.SPI_DMAReceiveCplt  stm32f4xx_hal_spi.o
    0x08005280   0x08005280   0x00000068   Code   RO         3103    i.SPI_DMATransmitReceiveCplt  stm32f4xx_hal_spi.o
    0x080052e8   0x080052e8   0x00000094   Code   RO         3105    i.SPI_EndRxTransaction  stm32f4xx_hal_spi.o
    0x0800537c   0x0800537c   0x0000006c   Code   RO         3106    i.SPI_EndRxTxTransaction  stm32f4xx_hal_spi.o
    0x080053e8   0x080053e8   0x000000a8   Code   RO         3111    i.SPI_WaitFlagStateUntilTimeout  stm32f4xx_hal_spi.o
    0x08005490   0x08005490   0x00000002   Code   RO         1319    i.SVC_Handler       stm32f4xx_it.o
    0x08005492   0x08005492   0x00000002   PAD
    0x08005494   0x08005494   0x000000ac   Code   RO          486    i.StraightPidCtrl   motor.o
    0x08005540   0x08005540   0x00000008   Code   RO         1320    i.SysTick_Handler   stm32f4xx_it.o
    0x08005548   0x08005548   0x000000b4   Code   RO         1000    i.SystemClock_Config  main.o
    0x080055fc   0x080055fc   0x00000064   Code   RO         1476    i.SystemInit        system_stm32f4xx.o
    0x08005660   0x08005660   0x00000010   Code   RO         1321    i.TIM1_BRK_TIM9_IRQHandler  stm32f4xx_it.o
    0x08005670   0x08005670   0x000000a4   Code   RO         3469    i.TIM_Base_SetConfig  stm32f4xx_hal_tim.o
    0x08005714   0x08005714   0x00000022   Code   RO         3470    i.TIM_CCxChannelCmd  stm32f4xx_hal_tim.o
    0x08005736   0x08005736   0x00000016   Code   RO         3480    i.TIM_ETR_SetConfig  stm32f4xx_hal_tim.o
    0x0800574c   0x0800574c   0x00000012   Code   RO         3481    i.TIM_ITRx_SetConfig  stm32f4xx_hal_tim.o
    0x0800575e   0x0800575e   0x00000002   PAD
    0x08005760   0x08005760   0x00000060   Code   RO         3482    i.TIM_OC1_SetConfig  stm32f4xx_hal_tim.o
    0x080057c0   0x080057c0   0x00000068   Code   RO         3483    i.TIM_OC2_SetConfig  stm32f4xx_hal_tim.o
    0x08005828   0x08005828   0x00000068   Code   RO         3484    i.TIM_OC3_SetConfig  stm32f4xx_hal_tim.o
    0x08005890   0x08005890   0x00000048   Code   RO         3485    i.TIM_OC4_SetConfig  stm32f4xx_hal_tim.o
    0x080058d8   0x080058d8   0x00000026   Code   RO         3487    i.TIM_TI1_ConfigInputStage  stm32f4xx_hal_tim.o
    0x080058fe   0x080058fe   0x00000028   Code   RO         3489    i.TIM_TI2_ConfigInputStage  stm32f4xx_hal_tim.o
    0x08005926   0x08005926   0x00000014   Code   RO         4356    i.UART_DMAAbortOnError  stm32f4xx_hal_uart.o
    0x0800593a   0x0800593a   0x00000050   Code   RO         4357    i.UART_DMAError     stm32f4xx_hal_uart.o
    0x0800598a   0x0800598a   0x00000046   Code   RO         4358    i.UART_DMAReceiveCplt  stm32f4xx_hal_uart.o
    0x080059d0   0x080059d0   0x0000000e   Code   RO         4360    i.UART_DMARxHalfCplt  stm32f4xx_hal_uart.o
    0x080059de   0x080059de   0x00000036   Code   RO         4362    i.UART_DMATransmitCplt  stm32f4xx_hal_uart.o
    0x08005a14   0x08005a14   0x0000000e   Code   RO         4364    i.UART_DMATxHalfCplt  stm32f4xx_hal_uart.o
    0x08005a22   0x08005a22   0x00000020   Code   RO         4366    i.UART_EndRxTransfer  stm32f4xx_hal_uart.o
    0x08005a42   0x08005a42   0x00000020   Code   RO         4367    i.UART_EndTransmit_IT  stm32f4xx_hal_uart.o
    0x08005a62   0x08005a62   0x00000014   Code   RO         4368    i.UART_EndTxTransfer  stm32f4xx_hal_uart.o
    0x08005a76   0x08005a76   0x000000a6   Code   RO         4369    i.UART_Receive_IT   stm32f4xx_hal_uart.o
    0x08005b1c   0x08005b1c   0x000003e8   Code   RO         4370    i.UART_SetConfig    stm32f4xx_hal_uart.o
    0x08005f04   0x08005f04   0x00000068   Code   RO         4371    i.UART_Transmit_IT  stm32f4xx_hal_uart.o
    0x08005f6c   0x08005f6c   0x00000014   Code   RO         1322    i.USART1_IRQHandler  stm32f4xx_it.o
    0x08005f80   0x08005f80   0x00000004   Code   RO         1323    i.UsageFault_Handler  stm32f4xx_it.o
    0x08005f84   0x08005f84   0x00000060   Code   RO           25    i.Usart_Idle_Callback  modbus.o
    0x08005fe4   0x08005fe4   0x00000026   Code   RO         4768    i.__ARM_fpclassifyf  m_wm.l(fpclassifyf.o)
    0x0800600a   0x0800600a   0x00000002   PAD
    0x0800600c   0x0800600c   0x00000010   Code   RO         2677    i.__NVIC_GetPriorityGrouping  stm32f4xx_hal_cortex.o
    0x0800601c   0x0800601c   0x00000028   Code   RO         2678    i.__NVIC_SetPriority  stm32f4xx_hal_cortex.o
    0x08006044   0x08006044   0x00000250   Code   RO         4686    i.__hardfp_atan2f   m_wm.l(atan2f.o)
    0x08006294   0x08006294   0x00000150   Code   RO         4698    i.__hardfp_cosf     m_wm.l(cosf.o)
    0x080063e4   0x080063e4   0x00000664   Code   RO         4710    i.__hardfp_powf     m_wm.l(powf.o)
    0x08006a48   0x08006a48   0x0000003a   Code   RO         4724    i.__hardfp_sqrtf    m_wm.l(sqrtf.o)
    0x08006a82   0x08006a82   0x00000002   PAD
    0x08006a84   0x08006a84   0x0000017c   Code   RO         4736    i.__hardfp_tanf     m_wm.l(tanf.o)
    0x08006c00   0x08006c00   0x00000014   Code   RO         4770    i.__mathlib_flt_divzero  m_wm.l(funder.o)
    0x08006c14   0x08006c14   0x00000006   Code   RO         4771    i.__mathlib_flt_infnan  m_wm.l(funder.o)
    0x08006c1a   0x08006c1a   0x00000006   Code   RO         4772    i.__mathlib_flt_infnan2  m_wm.l(funder.o)
    0x08006c20   0x08006c20   0x00000010   Code   RO         4773    i.__mathlib_flt_invalid  m_wm.l(funder.o)
    0x08006c30   0x08006c30   0x00000010   Code   RO         4774    i.__mathlib_flt_overflow  m_wm.l(funder.o)
    0x08006c40   0x08006c40   0x00000010   Code   RO         4776    i.__mathlib_flt_underflow  m_wm.l(funder.o)
    0x08006c50   0x08006c50   0x00000154   Code   RO         4784    i.__mathlib_rredf2  m_wm.l(rredf.o)
    0x08006da4   0x08006da4   0x0000001e   Code   RO          863    i.absf              mouse.o
    0x08006dc2   0x08006dc2   0x00000034   Code   RO          584    i.applyAxis3fLpf    mpu6000.o
    0x08006df6   0x08006df6   0x00000002   PAD
    0x08006df8   0x08006df8   0x0000012c   Code   RO          585    i.calBaseAcc        mpu6000.o
    0x08006f24   0x08006f24   0x000000ec   Code   RO          756    i.centralMethod     maze.o
    0x08007010   0x08007010   0x00000090   Code   RO          757    i.crosswayCheck     maze.o
    0x080070a0   0x080070a0   0x00000036   Code   RO          758    i.crosswayChoice    maze.o
    0x080070d6   0x080070d6   0x00000002   PAD
    0x080070d8   0x080070d8   0x000000bc   Code   RO          759    i.frontLeftMethod   maze.o
    0x08007194   0x08007194   0x000000bc   Code   RO          760    i.frontRightMethod  maze.o
    0x08007250   0x08007250   0x00000198   Code   RO          399    i.getIrDistance     hardware.o
    0x080073e8   0x080073e8   0x000000b0   Code   RO          761    i.getNextStep       maze.o
    0x08007498   0x08007498   0x00000180   Code   RO          762    i.gotoCoor          maze.o
    0x08007618   0x08007618   0x0000017c   Code   RO          586    i.imuComputeRotationMatrix  mpu6000.o
    0x08007794   0x08007794   0x000003d4   Code   RO          587    i.imuUpdate         mpu6000.o
    0x08007b68   0x08007b68   0x0000003c   Code   RO          588    i.invSqrt           mpu6000.o
    0x08007ba4   0x08007ba4   0x000000d8   Code   RO          400    i.irCheck           hardware.o
    0x08007c7c   0x08007c7c   0x00000090   Code   RO          764    i.isGoal            maze.o
    0x08007d0c   0x08007d0c   0x000000bc   Code   RO          765    i.leftMethod        maze.o
    0x08007dc8   0x08007dc8   0x0000005c   Code   RO          487    i.leftMotorCtrl     motor.o
    0x08007e24   0x08007e24   0x0000006e   Code   RO          589    i.lpf2pApply        mpu6000.o
    0x08007e92   0x08007e92   0x00000034   Code   RO          590    i.lpf2pInit         mpu6000.o
    0x08007ec6   0x08007ec6   0x00000002   PAD
    0x08007ec8   0x08007ec8   0x000000d4   Code   RO          591    i.lpf2pSetCutoffFreq  mpu6000.o
    0x08007f9c   0x08007f9c   0x00000040   Code   RO         1001    i.main              main.o
    0x08007fdc   0x08007fdc   0x00000344   Code   RO          766    i.mainTask          maze.o
    0x08008320   0x08008320   0x000001c4   Code   RO          767    i.mapStepUpdate     maze.o
    0x080084e4   0x080084e4   0x00000050   Code   RO           26    i.modbusInit        modbus.o
    0x08008534   0x08008534   0x00000274   Code   RO           27    i.modbusProcess     modbus.o
    0x080087a8   0x080087a8   0x00000018   Code   RO           28    i.modbusSendBuf     modbus.o
    0x080087c0   0x080087c0   0x000000a0   Code   RO          488    i.mouseControl      motor.o
    0x08008860   0x08008860   0x000000a4   Code   RO          864    i.mouseCoorUpdate   mouse.o
    0x08008904   0x08008904   0x000000a0   Code   RO          401    i.mouseInit         hardware.o
    0x080089a4   0x080089a4   0x00000110   Code   RO          865    i.mouseMoveDist     mouse.o
    0x08008ab4   0x08008ab4   0x00000020   Code   RO          866    i.mouseReset        mouse.o
    0x08008ad4   0x08008ad4   0x00000470   Code   RO          867    i.mouseRunBLocks    mouse.o
    0x08008f44   0x08008f44   0x00000060   Code   RO          869    i.mouseSetPulse     mouse.o
    0x08008fa4   0x08008fa4   0x000001ac   Code   RO          768    i.mouseSpurt        maze.o
    0x08009150   0x08009150   0x00000040   Code   RO          870    i.mouseStop         mouse.o
    0x08009190   0x08009190   0x00000128   Code   RO          872    i.mouseTurnback     mouse.o
    0x080092b8   0x080092b8   0x000000e4   Code   RO          873    i.mouseTurnbackNo   mouse.o
    0x0800939c   0x0800939c   0x000000dc   Code   RO          874    i.mouseTurnleft     mouse.o
    0x08009478   0x08009478   0x000000dc   Code   RO          875    i.mouseTurnright    mouse.o
    0x08009554   0x08009554   0x00000168   Code   RO          592    i.processAccGyro    mpu6000.o
    0x080096bc   0x080096bc   0x000000dc   Code   RO          593    i.processAccScale   mpu6000.o
    0x08009798   0x08009798   0x00000048   Code   RO          594    i.processGyroBias   mpu6000.o
    0x080097e0   0x080097e0   0x000000bc   Code   RO          769    i.rightMethod       maze.o
    0x0800989c   0x0800989c   0x0000005c   Code   RO          489    i.rightMotorCtrl    motor.o
    0x080098f8   0x080098f8   0x00000490   Code   RO          876    i.searchCrossWay    mouse.o
    0x08009d88   0x08009d88   0x0000002e   Code   RO          595    i.sensorsAddBiasValue  mpu6000.o
    0x08009db6   0x08009db6   0x0000000c   Code   RO          596    i.sensorsBiasObjInit  mpu6000.o
    0x08009dc2   0x08009dc2   0x00000002   PAD
    0x08009dc4   0x08009dc4   0x000001c8   Code   RO          597    i.sensorsCalculateVarianceAndMean  mpu6000.o
    0x08009f8c   0x08009f8c   0x00000080   Code   RO          598    i.sensorsFindBiasValue  mpu6000.o
    0x0800a00c   0x0800a00c   0x000000b8   Code   RO          490    i.speedUp           motor.o
    0x0800a0c4   0x0800a0c4   0x00000030   Code   RO          402    i.startCheck        hardware.o
    0x0800a0f4   0x0800a0f4   0x00000258   Code   RO          877    i.wallCheck         mouse.o
    0x0800a34c   0x0800a34c   0x00000062   Code   RO         4658    x$fpl$d2f           fz_wm.l(d2f.o)
    0x0800a3ae   0x0800a3ae   0x00000002   PAD
    0x0800a3b0   0x0800a3b0   0x00000150   Code   RO         4660    x$fpl$dadd          fz_wm.l(daddsub_clz.o)
    0x0800a500   0x0800a500   0x00000018   Code   RO         4755    x$fpl$dcmpinf       fz_wm.l(dcmpi.o)
    0x0800a518   0x0800a518   0x0000005a   Code   RO         4666    x$fpl$dfixu         fz_wm.l(dfixu.o)
    0x0800a572   0x0800a572   0x0000002e   Code   RO         4671    x$fpl$dflt          fz_wm.l(dflt_clz.o)
    0x0800a5a0   0x0800a5a0   0x00000026   Code   RO         4670    x$fpl$dfltu         fz_wm.l(dflt_clz.o)
    0x0800a5c6   0x0800a5c6   0x00000002   PAD
    0x0800a5c8   0x0800a5c8   0x00000078   Code   RO         4676    x$fpl$dleqf         fz_wm.l(dleqf.o)
    0x0800a640   0x0800a640   0x00000154   Code   RO         4678    x$fpl$dmul          fz_wm.l(dmul.o)
    0x0800a794   0x0800a794   0x0000009c   Code   RO         4757    x$fpl$dnaninf       fz_wm.l(dnaninf.o)
    0x0800a830   0x0800a830   0x0000000c   Code   RO         4759    x$fpl$dretinf       fz_wm.l(dretinf.o)
    0x0800a83c   0x0800a83c   0x0000006c   Code   RO         4680    x$fpl$drleqf        fz_wm.l(drleqf.o)
    0x0800a8a8   0x0800a8a8   0x000001d4   Code   RO         4662    x$fpl$dsub          fz_wm.l(daddsub_clz.o)
    0x0800aa7c   0x0800aa7c   0x00000056   Code   RO         4682    x$fpl$f2d           fz_wm.l(f2d.o)
    0x0800aad2   0x0800aad2   0x00000060   Code   RO         4684    x$fpl$ffltll        fz_wm.l(ffltll_clz.o)
    0x0800ab32   0x0800ab32   0x0000008c   Code   RO         4761    x$fpl$fnaninf       fz_wm.l(fnaninf.o)
    0x0800abbe   0x0800abbe   0x0000000a   Code   RO         4894    x$fpl$fpinit        fz_wm.l(fpinit.o)
    0x0800abc8   0x0800abc8   0x0000000a   Code   RO         4763    x$fpl$fretinf       fz_wm.l(fretinf.o)
    0x0800abd2   0x0800abd2   0x00000000   Code   RO         4767    x$fpl$usenofp       fz_wm.l(usenofp.o)
    0x0800abd2   0x0800abd2   0x00000200   Data   RO           30    .constdata          modbus.o
    0x0800add2   0x0800add2   0x00000018   Data   RO          404    .constdata          hardware.o
    0x0800adea   0x0800adea   0x00000018   Data   RO         1477    .constdata          system_stm32f4xx.o
    0x0800ae02   0x0800ae02   0x00000008   Data   RO         2370    .constdata          stm32f4xx_hal_dma.o
    0x0800ae0a   0x0800ae0a   0x00000002   PAD
    0x0800ae0c   0x0800ae0c   0x00000140   Data   RO         4713    .constdata          m_wm.l(powf.o)
    0x0800af4c   0x0800af4c   0x00000020   Data   RO         4785    .constdata          m_wm.l(rredf.o)
    0x0800af6c   0x0800af6c   0x00000020   Data   RO         4950    Region$$Table       anon$$obj.o


    Execution Region RW_IRAM1 (Exec base: 0x20000000, Load base: 0x0800af8c, Size: 0x0000b960, Max: 0x00020000, ABSOLUTE, COMPRESSED[0x0000007c])

    Exec Addr    Load Addr    Size         Type   Attr      Idx    E Section Name        Object

    0x20000000   COMPRESSED   0x0000000e   Data   RW           31    .data               modbus.o
    0x2000000e   COMPRESSED   0x00000002   PAD
    0x20000010   COMPRESSED   0x00000018   Data   RW          274    .data               enc.o
    0x20000028   COMPRESSED   0x00000005   Data   RW          321    .data               fmem.o
    0x2000002d   COMPRESSED   0x00000003   PAD
    0x20000030   COMPRESSED   0x000000d6   Data   RW          405    .data               hardware.o
    0x20000106   COMPRESSED   0x00000004   Data   RW          492    .data               motor.o
    0x2000010a   COMPRESSED   0x00000002   PAD
    0x2000010c   COMPRESSED   0x00000058   Data   RW          600    .data               mpu6000.o
    0x20000164   COMPRESSED   0x00000115   Data   RW          771    .data               maze.o
    0x20000279   COMPRESSED   0x00000003   PAD
    0x2000027c   COMPRESSED   0x0000001b   Data   RW          879    .data               mouse.o
    0x20000297   COMPRESSED   0x00000001   PAD
    0x20000298   COMPRESSED   0x00000004   Data   RW         1478    .data               system_stm32f4xx.o
    0x2000029c   COMPRESSED   0x00000009   Data   RW         2826    .data               stm32f4xx_hal.o
    0x200002a5   COMPRESSED   0x00000003   PAD
    0x200002a8        -       0x0000232a   Zero   RW           29    .bss                modbus.o
    0x200025d2        -       0x00000400   Zero   RW          320    .bss                fmem.o
    0x200029d2        -       0x00000034   Zero   RW          403    .bss                hardware.o
    0x20002a06   COMPRESSED   0x00000002   PAD
    0x20002a08        -       0x000000bc   Zero   RW          491    .bss                motor.o
    0x20002ac4        -       0x00001960   Zero   RW          599    .bss                mpu6000.o
    0x20004424        -       0x00000400   Zero   RW          770    .bss                maze.o
    0x20004824        -       0x00000c00   Zero   RW          878    .bss                mouse.o
    0x20005424        -       0x000000a8   Zero   RW         1072    .bss                adc.o
    0x200054cc        -       0x00000230   Zero   RW         1139    .bss                spi.o
    0x200056fc        -       0x00000100   Zero   RW         1192    .bss                tim.o
    0x200057fc        -       0x00000100   Zero   RW         1264    .bss                usart.o
    0x200058fc        -       0x00000060   Zero   RW         4810    .bss                c_w.l(libspace.o)
    0x2000595c   COMPRESSED   0x00000004   PAD
    0x20005960        -       0x00002000   Zero   RW            2    HEAP                startup_stm32f411xe.o
    0x20007960        -       0x00004000   Zero   RW            1    STACK               startup_stm32f411xe.o


==============================================================================

Image component sizes


      Code (inc. data)   RO Data    RW Data    ZI Data      Debug   Object Name

       452         36          0          0        168       1871   adc.o
       184          6          0          0          0        814   dma.o
       368         34          0         24          0       2199   enc.o
       334         46          0          5       1024       4764   fmem.o
       292         20          0          0          0        963   gpio.o
      1106        118         24        214         52       7586   hardware.o
       246         10          0          0          0       2052   main.o
      3606        212          0        277       1024       9065   maze.o
      3372        378        512         14       9002     449716   modbus.o
      1980        154          0          4        188       8052   motor.o
      4882        442          0         27       3072      11990   mouse.o
      4294        302          0         88       6496      28315   mpu6000.o
       684         60          0          0        560       2594   spi.o
        64         26        408          0      24576        832   startup_stm32f411xe.o
       212         36          0          9          0       9181   stm32f4xx_hal.o
      1380         60          0          0          0       7241   stm32f4xx_hal_adc.o
       304         22          0          0          0      34395   stm32f4xx_hal_cortex.o
      1434         16          8          0          0       6954   stm32f4xx_hal_dma.o
       542         36          0          0          0       4163   stm32f4xx_hal_gpio.o
        72          4          0          0          0        814   stm32f4xx_hal_msp.o
      1800         84          0          0          0       5556   stm32f4xx_hal_rcc.o
      3000         36          0          0          0      16596   stm32f4xx_hal_spi.o
      2110         54          0          0          0      17395   stm32f4xx_hal_tim.o
       160         22          0          0          0       2453   stm32f4xx_hal_tim_ex.o
      2518         40          0          0          0      13312   stm32f4xx_hal_uart.o
       222         66          0          0          0       9866   stm32f4xx_it.o
       100         18         24          4          0       1131   system_stm32f4xx.o
      1068         80          0          0        256       5129   tim.o
       340         34          0          0        256       1804   usart.o

    ----------------------------------------------------------------------
     37170       2452       1010        680      46676     666803   Object Totals
         0          0         32          0          0          0   (incl. Generated)
        44          0          2         14          2          0   (incl. Padding)

    ----------------------------------------------------------------------

      Code (inc. data)   RO Data    RW Data    ZI Data      Debug   Library Member Name

        90          0          0          0          0          0   __dczerorl2.o
         8          0          0          0          0         68   __main.o
         0          0          0          0          0          0   __rtentry.o
        12          0          0          0          0          0   __rtentry2.o
         6          0          0          0          0          0   __rtentry4.o
        52          8          0          0          0          0   __scatter.o
        28          0          0          0          0          0   __scatter_zi.o
        22          0          0          0          0        100   _rserrno.o
        18          0          0          0          0         80   exit.o
         6          0          0          0          0        152   heapauxi.o
         0          0          0          0          0          0   indicate_semi.o
         2          0          0          0          0          0   libinit.o
         6          0          0          0          0          0   libinit2.o
         2          0          0          0          0          0   libshutdown.o
         2          0          0          0          0          0   libshutdown2.o
         8          4          0          0         96         68   libspace.o
        72          0          0          0          0         76   llsdiv.o
       238          0          0          0          0        100   lludivv7m.o
         8          4          0          0          0         68   rt_errno_addr_intlibspace.o
        78          0          0          0          0         80   rt_memclr_w.o
         2          0          0          0          0          0   rtexit.o
        10          0          0          0          0          0   rtexit2.o
        12          4          0          0          0         68   sys_exit.o
        74          0          0          0          0         80   sys_stackheap_outer.o
         2          0          0          0          0         68   use_no_semi.o
        98          4          0          0          0        140   d2f.o
       804         16          0          0          0        368   daddsub_clz.o
        24          0          0          0          0        116   dcmpi.o
        90          4          0          0          0        140   dfixu.o
        84          0          0          0          0        232   dflt_clz.o
       120          4          0          0          0        140   dleqf.o
       340         12          0          0          0        152   dmul.o
       156          4          0          0          0        140   dnaninf.o
        12          0          0          0          0        116   dretinf.o
       108          0          0          0          0        128   drleqf.o
        86          4          0          0          0        132   f2d.o
        96          0          0          0          0        132   ffltll_clz.o
       140          4          0          0          0        132   fnaninf.o
        10          0          0          0          0        116   fpinit.o
        10          0          0          0          0        116   fretinf.o
         0          0          0          0          0          0   usenofp.o
       592         90          0          0          0        184   atan2f.o
       336         56          0          0          0        136   cosf.o
        38          0          0          0          0        116   fpclassifyf.o
        80         24          0          0          0        696   funder.o
      1636        110        320          0          0        372   powf.o
       340         24         32          0          0        160   rredf.o
        58          0          0          0          0        136   sqrtf.o
       380         58          0          0          0        200   tanf.o

    ----------------------------------------------------------------------
      6408        434        352          0        100       5308   Library Totals
        12          0          0          0          4          0   (incl. Padding)

    ----------------------------------------------------------------------

      Code (inc. data)   RO Data    RW Data    ZI Data      Debug   Library Name

       758         20          0          0         96       1008   c_w.l
      2178         52          0          0          0       2300   fz_wm.l
      3460        362        352          0          0       2000   m_wm.l

    ----------------------------------------------------------------------
      6408        434        352          0        100       5308   Library Totals

    ----------------------------------------------------------------------

==============================================================================


      Code (inc. data)   RO Data    RW Data    ZI Data      Debug   

     43578       2886       1362        680      46776     645895   Grand Totals
     43578       2886       1362        124      46776     645895   ELF Image Totals (compressed)
     43578       2886       1362        124          0          0   ROM Totals

==============================================================================

    Total RO  Size (Code + RO Data)                44940 (  43.89kB)
    Total RW  Size (RW Data + ZI Data)             47456 (  46.34kB)
    Total ROM Size (Code + RO Data + RW Data)      45064 (  44.01kB)

==============================================================================

